Archive member included to satisfy reference by file (symbol)

/usr/local/3rdparty/altera/18.1/nios2eds/bin/gnu/H-x86_64-pc-linux-gnu/bin/../lib/gcc/nios2-elf/5.3.0/../../../../../H-x86_64-pc-linux-gnu/nios2-elf/lib/libc.a(lib_a-rand.o)
                              obj/default/prj2.o (rand)
/usr/local/3rdparty/altera/18.1/nios2eds/bin/gnu/H-x86_64-pc-linux-gnu/bin/../lib/gcc/nios2-elf/5.3.0/../../../../../H-x86_64-pc-linux-gnu/nios2-elf/lib/libc.a(lib_a-impure.o)
                              /usr/local/3rdparty/altera/18.1/nios2eds/bin/gnu/H-x86_64-pc-linux-gnu/bin/../lib/gcc/nios2-elf/5.3.0/../../../../../H-x86_64-pc-linux-gnu/nios2-elf/lib/libc.a(lib_a-rand.o) (_impure_ptr)
/usr/local/3rdparty/altera/18.1/nios2eds/bin/gnu/H-x86_64-pc-linux-gnu/bin/../lib/gcc/nios2-elf/5.3.0/libgcc.a(_muldi3.o)
                              /usr/local/3rdparty/altera/18.1/nios2eds/bin/gnu/H-x86_64-pc-linux-gnu/bin/../lib/gcc/nios2-elf/5.3.0/../../../../../H-x86_64-pc-linux-gnu/nios2-elf/lib/libc.a(lib_a-rand.o) (__muldi3)
../prj2_bsp//libhal_bsp.a(alt_load.o)
                              ../prj2_bsp//obj/HAL/src/crt0.o (alt_load)
../prj2_bsp//libhal_bsp.a(alt_main.o)
                              ../prj2_bsp//obj/HAL/src/crt0.o (alt_main)
../prj2_bsp//libhal_bsp.a(alt_putstr.o)
                              obj/default/prj2.o (alt_putstr)
../prj2_bsp//libhal_bsp.a(alt_usleep.o)
                              obj/default/prj2.o (usleep)
../prj2_bsp//libhal_bsp.a(alt_sys_init.o)
                              ../prj2_bsp//libhal_bsp.a(alt_main.o) (alt_irq_init)
../prj2_bsp//libhal_bsp.a(altera_avalon_jtag_uart_fd.o)
                              ../prj2_bsp//libhal_bsp.a(alt_sys_init.o) (altera_avalon_jtag_uart_read_fd)
../prj2_bsp//libhal_bsp.a(altera_avalon_jtag_uart_init.o)
                              ../prj2_bsp//libhal_bsp.a(alt_sys_init.o) (altera_avalon_jtag_uart_init)
../prj2_bsp//libhal_bsp.a(altera_avalon_jtag_uart_ioctl.o)
                              ../prj2_bsp//libhal_bsp.a(altera_avalon_jtag_uart_fd.o) (altera_avalon_jtag_uart_ioctl)
../prj2_bsp//libhal_bsp.a(altera_avalon_jtag_uart_read.o)
                              ../prj2_bsp//libhal_bsp.a(altera_avalon_jtag_uart_fd.o) (altera_avalon_jtag_uart_read)
../prj2_bsp//libhal_bsp.a(altera_avalon_jtag_uart_write.o)
                              ../prj2_bsp//libhal_bsp.a(altera_avalon_jtag_uart_fd.o) (altera_avalon_jtag_uart_write)
../prj2_bsp//libhal_bsp.a(alt_alarm_start.o)
                              ../prj2_bsp//libhal_bsp.a(altera_avalon_jtag_uart_init.o) (alt_alarm_start)
../prj2_bsp//libhal_bsp.a(alt_busy_sleep.o)
                              ../prj2_bsp//libhal_bsp.a(alt_usleep.o) (alt_busy_sleep)
../prj2_bsp//libhal_bsp.a(alt_close.o)
                              ../prj2_bsp//libhal_bsp.a(alt_main.o) (close)
../prj2_bsp//libhal_bsp.a(alt_dcache_flush_all.o)
                              ../prj2_bsp//libhal_bsp.a(alt_load.o) (alt_dcache_flush_all)
../prj2_bsp//libhal_bsp.a(alt_dev.o)
                              ../prj2_bsp//libhal_bsp.a(alt_sys_init.o) (alt_dev_list)
../prj2_bsp//libhal_bsp.a(alt_dev_llist_insert.o)
                              ../prj2_bsp//libhal_bsp.a(alt_sys_init.o) (alt_dev_llist_insert)
../prj2_bsp//libhal_bsp.a(alt_do_ctors.o)
                              ../prj2_bsp//libhal_bsp.a(alt_main.o) (_do_ctors)
../prj2_bsp//libhal_bsp.a(alt_do_dtors.o)
                              ../prj2_bsp//libhal_bsp.a(alt_main.o) (_do_dtors)
../prj2_bsp//libhal_bsp.a(alt_errno.o)
                              ../prj2_bsp//libhal_bsp.a(alt_close.o) (alt_errno)
../prj2_bsp//libhal_bsp.a(alt_icache_flush_all.o)
                              ../prj2_bsp//libhal_bsp.a(alt_load.o) (alt_icache_flush_all)
../prj2_bsp//libhal_bsp.a(alt_iic.o)
                              ../prj2_bsp//libhal_bsp.a(altera_avalon_jtag_uart_init.o) (alt_ic_isr_register)
../prj2_bsp//libhal_bsp.a(alt_iic_isr_register.o)
                              ../prj2_bsp//libhal_bsp.a(alt_iic.o) (alt_iic_isr_register)
../prj2_bsp//libhal_bsp.a(alt_io_redirect.o)
                              ../prj2_bsp//libhal_bsp.a(alt_main.o) (alt_io_redirect)
../prj2_bsp//libhal_bsp.a(alt_irq_entry.o)
                              ../prj2_bsp//libhal_bsp.a(alt_iic_isr_register.o) (alt_irq_entry)
../prj2_bsp//libhal_bsp.a(alt_irq_handler.o)
                              ../prj2_bsp//libhal_bsp.a(alt_iic_isr_register.o) (alt_irq)
../prj2_bsp//libhal_bsp.a(alt_irq_vars.o)
                              ../prj2_bsp//libhal_bsp.a(alt_iic.o) (alt_irq_active)
../prj2_bsp//libhal_bsp.a(alt_open.o)
                              ../prj2_bsp//libhal_bsp.a(alt_io_redirect.o) (open)
../prj2_bsp//libhal_bsp.a(alt_release_fd.o)
                              ../prj2_bsp//libhal_bsp.a(alt_close.o) (alt_release_fd)
../prj2_bsp//libhal_bsp.a(alt_tick.o)
                              ../prj2_bsp//libhal_bsp.a(altera_avalon_jtag_uart_init.o) (_alt_tick_rate)
../prj2_bsp//libhal_bsp.a(altera_nios2_gen2_irq.o)
[...]
Memory Configuration

Name             Origin             Length             Attributes
reset            0x0000000000010000 0x0000000000000020
onchip_memory2_0 0x0000000000010020 0x000000000000ffe0
*default*        0x0000000000000000 0xffffffffffffffff

Linker script and memory map

LOAD ../prj2_bsp//obj/HAL/src/crt0.o
LOAD obj/default/prj2.o
LOAD /usr/local/3rdparty/altera/18.1/nios2eds/bin/gnu/H-x86_64-pc-linux-gnu/bin/../lib/gcc/nios2-elf/5.3.0/../../../../../H-x86_64-pc-linux-gnu/nios2-elf/lib/libstdc++.a
LOAD /usr/local/3rdparty/altera/18.1/nios2eds/bin/gnu/H-x86_64-pc-linux-gnu/bin/../lib/gcc/nios2-elf/5.3.0/../../../../../H-x86_64-pc-linux-gnu/nios2-elf/lib/libm.a
LOAD /usr/local/3rdparty/altera/18.1/nios2eds/bin/gnu/H-x86_64-pc-linux-gnu/bin/../lib/gcc/nios2-elf/5.3.0/libgcc.a
START GROUP
LOAD /usr/local/3rdparty/altera/18.1/nios2eds/bin/gnu/H-x86_64-pc-linux-gnu/bin/../lib/gcc/nios2-elf/5.3.0/../../../../../H-x86_64-pc-linux-gnu/nios2-elf/lib/libc.a
LOAD /usr/local/3rdparty/altera/18.1/nios2eds/bin/gnu/H-x86_64-pc-linux-gnu/bin/../lib/gcc/nios2-elf/5.3.0/libgcc.a
LOAD ../prj2_bsp//libhal_bsp.a
LOAD /usr/local/3rdparty/altera/18.1/nios2eds/bin/gnu/H-x86_64-pc-linux-gnu/bin/../lib/gcc/nios2-elf/5.3.0/../../../../../H-x86_64-pc-linux-gnu/nios2-elf/lib/libm.a
END GROUP
LOAD /usr/local/3rdparty/altera/18.1/nios2eds/bin/gnu/H-x86_64-pc-linux-gnu/bin/../lib/gcc/nios2-elf/5.3.0/libgcc.a
                0x0000000000010000                __alt_mem_onchip_memory2_0 = 0x10000

.entry          0x0000000000010000       0x20
 *(.entry)
 .entry         0x0000000000010000       0x20 ../prj2_bsp//obj/HAL/src/crt0.o
                0x0000000000010000                __reset

.exceptions     0x0000000000010020      0x224
                0x0000000000010020                PROVIDE (__ram_exceptions_start, ABSOLUTE (.))
                0x0000000000010020                . = ALIGN (0x20)
 *(.irq)
 *(.exceptions.entry.label)
 .exceptions.entry.label
                0x0000000000010020        0x0 ../prj2_bsp//libhal_bsp.a(alt_irq_entry.o)
                0x0000000000010020                alt_irq_entry
 .exceptions.entry.label
                0x0000000000010020        0x0 ../prj2_bsp//libhal_bsp.a(alt_exception_entry.o)
                0x0000000000010020                alt_exception
 *(.exceptions.entry.user)
 *(.exceptions.entry.ecc_fatal)
 *(.exceptions.entry)
 .exceptions.entry
                0x0000000000010020       0x54 ../prj2_bsp//libhal_bsp.a(alt_exception_entry.o)
 *(.exceptions.irqtest.user)
 *(.exceptions.irqtest)
 .exceptions.irqtest
                0x0000000000010074       0x10 ../prj2_bsp//libhal_bsp.a(alt_irq_entry.o)
 *(.exceptions.irqhandler.user)
 *(.exceptions.irqhandler)
 .exceptions.irqhandler
                0x0000000000010084        0x4 ../prj2_bsp//libhal_bsp.a(alt_irq_entry.o)
 *(.exceptions.irqreturn.user)
 *(.exceptions.irqreturn)
 .exceptions.irqreturn
                0x0000000000010088        0x4 ../prj2_bsp//libhal_bsp.a(alt_irq_entry.o)
 *(.exceptions.notirq.label)
 .exceptions.notirq.label
                0x000000000001008c        0x0 ../prj2_bsp//libhal_bsp.a(alt_irq_entry.o)
 *(.exceptions.notirq.user)
 *(.exceptions.notirq)
 .exceptions.notirq
                0x000000000001008c        0x8 ../prj2_bsp//libhal_bsp.a(alt_exception_entry.o)
 *(.exceptions.soft.user)
 *(.exceptions.soft)
 *(.exceptions.unknown.user)
 *(.exceptions.unknown)
 .exceptions.unknown
                0x0000000000010094       0x14 ../prj2_bsp//libhal_bsp.a(alt_exception_entry.o)
 *(.exceptions.exit.label)
 .exceptions.exit.label
                0x00000000000100a8        0x0 ../prj2_bsp//libhal_bsp.a(alt_irq_entry.o)
 .exceptions.exit.label
                0x00000000000100a8        0x0 ../prj2_bsp//libhal_bsp.a(alt_exception_entry.o)
 *(.exceptions.exit.user)
 *(.exceptions.exit)
 .exceptions.exit
                0x00000000000100a8       0x54 ../prj2_bsp//libhal_bsp.a(alt_exception_entry.o)
 *(.exceptions)
 .exceptions    0x00000000000100fc       0xd4 ../prj2_bsp//libhal_bsp.a(alt_irq_handler.o)
                0x00000000000100fc                alt_irq_handler
 .exceptions    0x00000000000101d0       0x74 ../prj2_bsp//libhal_bsp.a(alt_instruction_exception_entry.o)
                0x00000000000101d0                alt_instruction_exception_entry
                0x0000000000010244                PROVIDE (__ram_exceptions_end, ABSOLUTE (.))
                0x0000000000010020                PROVIDE (__flash_exceptions_start, LOADADDR (.exceptions))

.text           0x0000000000010244     0x58f4
                [!provide]                        PROVIDE (stext, ABSOLUTE (.))
 *(.interp)
 *(.hash)
 *(.dynsym)
 *(.dynstr)
 *(.gnu.version)
 *(.gnu.version_d)
 *(.gnu.version_r)
 *(.rel.init)
 *(.rela.init)
 *(.rel.text .rel.text.* .rel.gnu.linkonce.t.*)
 *(.rela.text .rela.text.* .rela.gnu.linkonce.t.*)
 *(.rel.fini)
 *(.rela.fini)
 *(.rel.rodata .rel.rodata.* .rel.gnu.linkonce.r.*)
 *(.rela.rodata .rela.rodata.* .rela.gnu.linkonce.r.*)
 *(.rel.data .rel.data.* .rel.gnu.linkonce.d.*)
 *(.rela.data .rela.data.* .rela.gnu.linkonce.d.*)
 *(.rel.tdata .rel.tdata.* .rel.gnu.linkonce.td.*)
 *(.rela.tdata .rela.tdata.* .rela.gnu.linkonce.td.*)
 *(.rel.tbss .rel.tbss.* .rel.gnu.linkonce.tb.*)
 *(.rela.tbss .rela.tbss.* .rela.gnu.linkonce.tb.*)
 *(.rel.ctors)
 *(.rela.ctors)
 *(.rel.dtors)
 *(.rela.dtors)
 *(.rel.got)
 *(.rela.got)
 *(.rel.sdata .rel.sdata.* .rel.gnu.linkonce.s.*)
 *(.rela.sdata .rela.sdata.* .rela.gnu.linkonce.s.*)
 *(.rel.sbss .rel.sbss.* .rel.gnu.linkonce.sb.*)
 *(.rela.sbss .rela.sbss.* .rela.gnu.linkonce.sb.*)
 *(.rel.sdata2 .rel.sdata2.* .rel.gnu.linkonce.s2.*)
 *(.rela.sdata2 .rela.sdata2.* .rela.gnu.linkonce.s2.*)
 *(.rel.sbss2 .rel.sbss2.* .rel.gnu.linkonce.sb2.*)
 *(.rela.sbss2 .rela.sbss2.* .rela.gnu.linkonce.sb2.*)
 *(.rel.bss .rel.bss.* .rel.gnu.linkonce.b.*)
 *(.rela.bss .rela.bss.* .rela.gnu.linkonce.b.*)
 *(.rel.plt)
 *(.rela.plt)
 *(.rel.dyn)
 *(.init)
 *(.plt)
 *(.text .stub .text.* .gnu.linkonce.t.*)
 .text          0x0000000000010244       0x4c ../prj2_bsp//obj/HAL/src/crt0.o
                0x0000000000010244                _start
 .text          0x0000000000010290      0x1c0 obj/default/prj2.o
                0x0000000000010290                main
 .text          0x0000000000010450        0x0 /usr/local/3rdparty/altera/18.1/nios2eds/bin/gnu/H-x86_64-pc-linux-gnu/bin/../lib/gcc/nios2-elf/5.3.0/../../../../../H-x86_64-pc-linux-gnu/nios2-elf/lib/libc.a(lib_a-rand.o)
 .text.srand    0x0000000000010450       0x18 /usr/local/3rdparty/altera/18.1/nios2eds/bin/gnu/H-x86_64-pc-linux-gnu/bin/../lib/gcc/nios2-elf/5.3.0/../../../../../H-x86_64-pc-linux-gnu/nios2-elf/lib/libc.a(lib_a-rand.o)
                0x0000000000010450                srand
 .text.rand     0x0000000000010468       0x64 /usr/local/3rdparty/altera/18.1/nios2eds/bin/gnu/H-x86_64-pc-linux-gnu/bin/../lib/gcc/nios2-elf/5.3.0/../../../../../H-x86_64-pc-linux-gnu/nios2-elf/lib/libc.a(lib_a-rand.o)
                0x0000000000010468                rand
 .text          0x00000000000104cc        0x0 /usr/local/3rdparty/altera/18.1/nios2eds/bin/gnu/H-x86_64-pc-linux-gnu/bin/../lib/gcc/nios2-elf/5.3.0/../../../../../H-x86_64-pc-linux-gnu/nios2-elf/lib/libc.a(lib_a-impure.o)
 .text          0x00000000000104cc       0x60 /usr/local/3rdparty/altera/18.1/nios2eds/bin/gnu/H-x86_64-pc-linux-gnu/bin/../lib/gcc/nios2-elf/5.3.0/libgcc.a(_muldi3.o)
                0x00000000000104cc                __muldi3
 .text          0x000000000001052c       0xec ../prj2_bsp//libhal_bsp.a(alt_load.o)
                0x0000000000010594                alt_load
 .text          0x0000000000010618       0x7c ../prj2_bsp//libhal_bsp.a(alt_main.o)
                0x0000000000010618                alt_main
 .text          0x0000000000010694       0x3c ../prj2_bsp//libhal_bsp.a(alt_putstr.o)
                0x0000000000010694                alt_putstr
 .text          0x00000000000106d0       0x30 ../prj2_bsp//libhal_bsp.a(alt_usleep.o)
                0x00000000000106d0                usleep
 .text          0x0000000000010700       0xb4 ../prj2_bsp//libhal_bsp.a(alt_sys_init.o)
                0x0000000000010734                alt_irq_init
                0x000000000001076c                alt_sys_init
 .text          0x00000000000107b4      0x164 ../prj2_bsp//libhal_bsp.a(altera_avalon_jtag_uart_fd.o)
                0x00000000000107b4                altera_avalon_jtag_uart_read_fd
                0x0000000000010814                altera_avalon_jtag_uart_write_fd
                0x0000000000010874                altera_avalon_jtag_uart_close_fd
                0x00000000000108c4                altera_avalon_jtag_uart_ioctl_fd
 .text          0x0000000000010918      0x3d4 ../prj2_bsp//libhal_bsp.a(altera_avalon_jtag_uart_init.o)
                0x0000000000010918                altera_avalon_jtag_uart_init
                0x0000000000010c84                altera_avalon_jtag_uart_close
 .text          0x0000000000010cec       0xf0 ../prj2_bsp//libhal_bsp.a(altera_avalon_jtag_uart_ioctl.o)
                0x0000000000010cec                altera_avalon_jtag_uart_ioctl
 .text          0x0000000000010ddc      0x21c ../prj2_bsp//libhal_bsp.a(altera_avalon_jtag_uart_read.o)
                0x0000000000010ddc                altera_avalon_jtag_uart_read
 .text          0x0000000000010ff8      0x224 ../prj2_bsp//libhal_bsp.a(altera_avalon_jtag_uart_write.o)
                0x0000000000010ff8                altera_avalon_jtag_uart_write
 .text          0x000000000001121c      0x12c ../prj2_bsp//libhal_bsp.a(alt_alarm_start.o)
                0x000000000001121c                alt_alarm_start
 .text          0x0000000000011348      0x158 ../prj2_bsp//libhal_bsp.a(alt_busy_sleep.o)
                0x0000000000011348                alt_busy_sleep
 .text          0x00000000000114a0      0x10c ../prj2_bsp//libhal_bsp.a(alt_close.o)
                0x00000000000114dc                close
 .text          0x00000000000115ac       0x48 ../prj2_bsp//libhal_bsp.a(alt_dcache_flush_all.o)
                0x00000000000115ac                alt_dcache_flush_all
 .text          0x00000000000115f4       0x2c ../prj2_bsp//libhal_bsp.a(alt_dev.o)
 .text          0x0000000000011620       0xe0 ../prj2_bsp//libhal_bsp.a(alt_dev_llist_insert.o)
                0x000000000001165c                alt_dev_llist_insert
 .text          0x0000000000011700       0x60 ../prj2_bsp//libhal_bsp.a(alt_do_ctors.o)
                0x0000000000011700                _do_ctors
 .text          0x0000000000011760       0x60 ../prj2_bsp//libhal_bsp.a(alt_do_dtors.o)
                0x0000000000011760                _do_dtors
 .text          0x00000000000117c0        0x0 ../prj2_bsp//libhal_bsp.a(alt_errno.o)
 .text          0x00000000000117c0       0x34 ../prj2_bsp//libhal_bsp.a(alt_icache_flush_all.o)
                0x00000000000117c0                alt_icache_flush_all
 .text          0x00000000000117f4      0x1b0 ../prj2_bsp//libhal_bsp.a(alt_iic.o)
                0x00000000000117f4                alt_ic_isr_register
                0x0000000000011844                alt_ic_irq_enable
                0x00000000000118cc                alt_ic_irq_disable
                0x0000000000011958                alt_ic_irq_enabled
 .text          0x00000000000119a4       0xf0 ../prj2_bsp//libhal_bsp.a(alt_iic_isr_register.o)
                0x00000000000119a4                alt_iic_isr_register
 .text          0x0000000000011a94      0x140 ../prj2_bsp//libhal_bsp.a(alt_io_redirect.o)
                0x0000000000011b58                alt_io_redirect
 .text          0x0000000000011bd4        0x0 ../prj2_bsp//libhal_bsp.a(alt_irq_entry.o)
 .text          0x0000000000011bd4        0x0 ../prj2_bsp//libhal_bsp.a(alt_irq_handler.o)
 .text          0x0000000000011bd4        0x0 ../prj2_bsp//libhal_bsp.a(alt_irq_vars.o)
 .text          0x0000000000011bd4      0x254 ../prj2_bsp//libhal_bsp.a(alt_open.o)
                0x0000000000011cd4                open
 .text          0x0000000000011e28       0x64 ../prj2_bsp//libhal_bsp.a(alt_release_fd.o)
                0x0000000000011e28                alt_release_fd
 .text          0x0000000000011e8c      0x1a4 ../prj2_bsp//libhal_bsp.a(alt_tick.o)
                0x0000000000011e8c                alt_alarm_stop
                0x0000000000011f28                alt_tick
 .text          0x0000000000012030       0x24 ../prj2_bsp//libhal_bsp.a(altera_nios2_gen2_irq.o)
                0x0000000000012030                altera_nios2_gen2_irq_init
 .text          0x0000000000012054        0x0 ../prj2_bsp//libhal_bsp.a(alt_exception_entry.o)
 .text          0x0000000000012054       0x90 ../prj2_bsp//libhal_bsp.a(alt_find_dev.o)
                0x0000000000012054                alt_find_dev
 .text          0x00000000000120e4      0x108 ../prj2_bsp//libhal_bsp.a(alt_find_file.o)
                0x00000000000120e4                alt_find_file
 .text          0x00000000000121ec       0xa4 ../prj2_bsp//libhal_bsp.a(alt_get_fd.o)
                0x00000000000121ec                alt_get_fd
 .text          0x0000000000012290       0x90 ../prj2_bsp//libhal_bsp.a(alt_icache_flush.o)
                0x0000000000012290                alt_icache_flush
 .text          0x0000000000012320       0x9c ../prj2_bsp//libhal_bsp.a(alt_instruction_exception_entry.o)
                0x0000000000012320                alt_exception_cause_generated_bad_addr
 .text          0x00000000000123bc        0x0 /usr/local/3rdparty/altera/18.1/nios2eds/bin/gnu/H-x86_64-pc-linux-gnu/bin/../lib/gcc/nios2-elf/5.3.0/../../../../../H-x86_64-pc-linux-gnu/nios2-elf/lib/libc.a(lib_a-atexit.o)
 .text.atexit   0x00000000000123bc       0x14 /usr/local/3rdparty/altera/18.1/nios2eds/bin/gnu/H-x86_64-pc-linux-gnu/bin/../lib/gcc/nios2-elf/5.3.0/../../../../../H-x86_64-pc-linux-gnu/nios2-elf/lib/libc.a(lib_a-atexit.o)
                0x00000000000123bc                atexit
 .text          0x00000000000123d0        0x0 /usr/local/3rdparty/altera/18.1/nios2eds/bin/gnu/H-x86_64-pc-linux-gnu/bin/../lib/gcc/nios2-elf/5.3.0/../../../../../H-x86_64-pc-linux-gnu/nios2-elf/lib/libc.a(lib_a-exit.o)
 .text.exit     0x00000000000123d0       0x38 /usr/local/3rdparty/altera/18.1/nios2eds/bin/gnu/H-x86_64-pc-linux-gnu/bin/../lib/gcc/nios2-elf/5.3.0/../../../../../H-x86_64-pc-linux-gnu/nios2-elf/lib/libc.a(lib_a-exit.o)
                0x00000000000123d0                exit
 .text          0x0000000000012408        0x0 /usr/local/3rdparty/altera/18.1/nios2eds/bin/gnu/H-x86_64-pc-linux-gnu/bin/../lib/gcc/nios2-elf/5.3.0/../../../../../H-x86_64-pc-linux-gnu/nios2-elf/lib/libc.a(lib_a-fputs.o)
 .text._fputs_r
                0x0000000000012408       0x9c /usr/local/3rdparty/altera/18.1/nios2eds/bin/gnu/H-x86_64-pc-linux-gnu/bin/../lib/gcc/nios2-elf/5.3.0/../../../../../H-x86_64-pc-linux-gnu/nios2-elf/lib/libc.a(lib_a-fputs.o)
                0x0000000000012408                _fputs_r
 .text.fputs    0x00000000000124a4       0x18 /usr/local/3rdparty/altera/18.1/nios2eds/bin/gnu/H-x86_64-pc-linux-gnu/bin/../lib/gcc/nios2-elf/5.3.0/../../../../../H-x86_64-pc-linux-gnu/nios2-elf/lib/libc.a(lib_a-fputs.o)
                0x00000000000124a4                fputs
 .text          0x00000000000124bc        0x0 /usr/local/3rdparty/altera/18.1/nios2eds/bin/gnu/H-x86_64-pc-linux-gnu/bin/../lib/gcc/nios2-elf/5.3.0/../../../../../H-x86_64-pc-linux-gnu/nios2-elf/lib/libc.a(lib_a-fvwrite.o)
 .text.__sfvwrite_r
                0x00000000000124bc      0x4bc /usr/local/3rdparty/altera/18.1/nios2eds/bin/gnu/H-x86_64-pc-linux-gnu/bin/../lib/gcc/nios2-elf/5.3.0/../../../../../H-x86_64-pc-linux-gnu/nios2-elf/lib/libc.a(lib_a-fvwrite.o)
                0x00000000000124bc                __sfvwrite_r
 .text          0x0000000000012978        0x0 /usr/local/3rdparty/altera/18.1/nios2eds/bin/gnu/H-x86_64-pc-linux-gnu/bin/../lib/gcc/nios2-elf/5.3.0/../../../../../H-x86_64-pc-linux-gnu/nios2-elf/lib/libc.a(lib_a-int_errno.o)
 .text          0x0000000000012978        0x0 /usr/local/3rdparty/altera/18.1/nios2eds/bin/gnu/H-x86_64-pc-linux-gnu/bin/../lib/gcc/nios2-elf/5.3.0/../../../../../H-x86_64-pc-linux-gnu/nios2-elf/lib/libc.a(lib_a-mallocr.o)
 .text._malloc_r
                0x0000000000012978      0x80c /usr/local/3rdparty/altera/18.1/nios2eds/bin/gnu/H-x86_64-pc-linux-gnu/bin/../lib/gcc/nios2-elf/5.3.0/../../../../../H-x86_64-pc-linux-gnu/nios2-elf/lib/libc.a(lib_a-mallocr.o)
                0x0000000000012978                _malloc_r
 .text          0x0000000000013184        0x0 /usr/local/3rdparty/altera/18.1/nios2eds/bin/gnu/H-x86_64-pc-linux-gnu/bin/../lib/gcc/nios2-elf/5.3.0/../../../../../H-x86_64-pc-linux-gnu/nios2-elf/lib/libc.a(lib_a-memchr.o)
 .text.memchr   0x0000000000013184       0xe4 /usr/local/3rdparty/altera/18.1/nios2eds/bin/gnu/H-x86_64-pc-linux-gnu/bin/../lib/gcc/nios2-elf/5.3.0/../../../../../H-x86_64-pc-linux-gnu/nios2-elf/lib/libc.a(lib_a-memchr.o)
                0x0000000000013184                memchr
 .text          0x0000000000013268        0x0 /usr/local/3rdparty/altera/18.1/nios2eds/bin/gnu/H-x86_64-pc-linux-gnu/bin/../lib/gcc/nios2-elf/5.3.0/../../../../../H-x86_64-pc-linux-gnu/nios2-elf/lib/libc.a(lib_a-memcmp.o)
 .text.memcmp   0x0000000000013268       0x7c /usr/local/3rdparty/altera/18.1/nios2eds/bin/gnu/H-x86_64-pc-linux-gnu/bin/../lib/gcc/nios2-elf/5.3.0/../../../../../H-x86_64-pc-linux-gnu/nios2-elf/lib/libc.a(lib_a-memcmp.o)
                0x0000000000013268                memcmp
 .text          0x00000000000132e4        0x0 /usr/local/3rdparty/altera/18.1/nios2eds/bin/gnu/H-x86_64-pc-linux-gnu/bin/../lib/gcc/nios2-elf/5.3.0/../../../../../H-x86_64-pc-linux-gnu/nios2-elf/lib/libc.a(lib_a-memcpy.o)
 .text.memcpy   0x00000000000132e4      0x148 /usr/local/3rdparty/altera/18.1/nios2eds/bin/gnu/H-x86_64-pc-linux-gnu/bin/../lib/gcc/nios2-elf/5.3.0/../../../../../H-x86_64-pc-linux-gnu/nios2-elf/lib/libc.a(lib_a-memcpy.o)
                0x00000000000132e4                memcpy
 .text          0x000000000001342c        0x0 /usr/local/3rdparty/altera/18.1/nios2eds/bin/gnu/H-x86_64-pc-linux-gnu/bin/../lib/gcc/nios2-elf/5.3.0/../../../../../H-x86_64-pc-linux-gnu/nios2-elf/lib/libc.a(lib_a-memmove.o)
 .text.memmove  0x000000000001342c      0x15c /usr/local/3rdparty/altera/18.1/nios2eds/bin/gnu/H-x86_64-pc-linux-gnu/bin/../lib/gcc/nios2-elf/5.3.0/../../../../../H-x86_64-pc-linux-gnu/nios2-elf/lib/libc.a(lib_a-memmove.o)
                0x000000000001342c                memmove
 .text          0x0000000000013588        0x0 /usr/local/3rdparty/altera/18.1/nios2eds/bin/gnu/H-x86_64-pc-linux-gnu/bin/../lib/gcc/nios2-elf/5.3.0/../../../../../H-x86_64-pc-linux-gnu/nios2-elf/lib/libc.a(lib_a-reallocr.o)
 .text._realloc_r
                0x0000000000013588      0x564 /usr/local/3rdparty/altera/18.1/nios2eds/bin/gnu/H-x86_64-pc-linux-gnu/bin/../lib/gcc/nios2-elf/5.3.0/../../../../../H-x86_64-pc-linux-gnu/nios2-elf/lib/libc.a(lib_a-reallocr.o)
                0x0000000000013588                _realloc_r
 .text          0x0000000000013aec        0x0 /usr/local/3rdparty/altera/18.1/nios2eds/bin/gnu/H-x86_64-pc-linux-gnu/bin/../lib/gcc/nios2-elf/5.3.0/../../../../../H-x86_64-pc-linux-gnu/nios2-elf/lib/libc.a(lib_a-sbrkr.o)
 .text._sbrk_r  0x0000000000013aec       0x54 /usr/local/3rdparty/altera/18.1/nios2eds/bin/gnu/H-x86_64-pc-linux-gnu/bin/../lib/gcc/nios2-elf/5.3.0/../../../../../H-x86_64-pc-linux-gnu/nios2-elf/lib/libc.a(lib_a-sbrkr.o)
                0x0000000000013aec                _sbrk_r
 .text          0x0000000000013b40        0x0 /usr/local/3rdparty/altera/18.1/nios2eds/bin/gnu/H-x86_64-pc-linux-gnu/bin/../lib/gcc/nios2-elf/5.3.0/../../../../../H-x86_64-pc-linux-gnu/nios2-elf/lib/libc.a(lib_a-strlen.o)
 .text.strlen   0x0000000000013b40       0x98 /usr/local/3rdparty/altera/18.1/nios2eds/bin/gnu/H-x86_64-pc-linux-gnu/bin/../lib/gcc/nios2-elf/5.3.0/../../../../../H-x86_64-pc-linux-gnu/nios2-elf/lib/libc.a(lib_a-strlen.o)
                0x0000000000013b40                strlen
 .text          0x0000000000013bd8        0x0 /usr/local/3rdparty/altera/18.1/nios2eds/bin/gnu/H-x86_64-pc-linux-gnu/bin/../lib/gcc/nios2-elf/5.3.0/../../../../../H-x86_64-pc-linux-gnu/nios2-elf/lib/libc.a(lib_a-wsetup.o)
 .text.__swsetup_r
                0x0000000000013bd8      0x154 /usr/local/3rdparty/altera/18.1/nios2eds/bin/gnu/H-x86_64-pc-linux-gnu/bin/../lib/gcc/nios2-elf/5.3.0/../../../../../H-x86_64-pc-linux-gnu/nios2-elf/lib/libc.a(lib_a-wsetup.o)
                0x0000000000013bd8                __swsetup_r
 .text          0x0000000000013d2c        0x0 /usr/local/3rdparty/altera/18.1/nios2eds/bin/gnu/H-x86_64-pc-linux-gnu/bin/../lib/gcc/nios2-elf/5.3.0/../../../../../H-x86_64-pc-linux-gnu/nios2-elf/lib/libc.a(lib_a-__atexit.o)
 .text.__register_exitproc
                0x0000000000013d2c      0x118 /usr/local/3rdparty/altera/18.1/nios2eds/bin/gnu/H-x86_64-pc-linux-gnu/bin/../lib/gcc/nios2-elf/5.3.0/../../../../../H-x86_64-pc-linux-gnu/nios2-elf/lib/libc.a(lib_a-__atexit.o)
                0x0000000000013d2c                __register_exitproc
 .text          0x0000000000013e44        0x0 /usr/local/3rdparty/altera/18.1/nios2eds/bin/gnu/H-x86_64-pc-linux-gnu/bin/../lib/gcc/nios2-elf/5.3.0/../../../../../H-x86_64-pc-linux-gnu/nios2-elf/lib/libc.a(lib_a-__call_atexit.o)
 .text.__call_exitprocs
                0x0000000000013e44      0x180 /usr/local/3rdparty/altera/18.1/nios2eds/bin/gnu/H-x86_64-pc-linux-gnu/bin/../lib/gcc/nios2-elf/5.3.0/../../../../../H-x86_64-pc-linux-gnu/nios2-elf/lib/libc.a(lib_a-__call_atexit.o)
                0x0000000000013e44                __call_exitprocs
 .text          0x0000000000013fc4        0x0 /usr/local/3rdparty/altera/18.1/nios2eds/bin/gnu/H-x86_64-pc-linux-gnu/bin/../lib/gcc/nios2-elf/5.3.0/../../../../../H-x86_64-pc-linux-gnu/nios2-elf/lib/libc.a(lib_a-fflush.o)
 .text.__sflush_r
                0x0000000000013fc4      0x21c /usr/local/3rdparty/altera/18.1/nios2eds/bin/gnu/H-x86_64-pc-linux-gnu/bin/../lib/gcc/nios2-elf/5.3.0/../../../../../H-x86_64-pc-linux-gnu/nios2-elf/lib/libc.a(lib_a-fflush.o)
                0x0000000000013fc4                __sflush_r
 .text._fflush_r
                0x00000000000141e0       0x5c /usr/local/3rdparty/altera/18.1/nios2eds/bin/gnu/H-x86_64-pc-linux-gnu/bin/../lib/gcc/nios2-elf/5.3.0/../../../../../H-x86_64-pc-linux-gnu/nios2-elf/lib/libc.a(lib_a-fflush.o)
                0x00000000000141e0                _fflush_r
 .text.fflush   0x000000000001423c       0x30 /usr/local/3rdparty/altera/18.1/nios2eds/bin/gnu/H-x86_64-pc-linux-gnu/bin/../lib/gcc/nios2-elf/5.3.0/../../../../../H-x86_64-pc-linux-gnu/nios2-elf/lib/libc.a(lib_a-fflush.o)
                0x000000000001423c                fflush
 .text          0x000000000001426c        0x0 /usr/local/3rdparty/altera/18.1/nios2eds/bin/gnu/H-x86_64-pc-linux-gnu/bin/../lib/gcc/nios2-elf/5.3.0/../../../../../H-x86_64-pc-linux-gnu/nios2-elf/lib/libc.a(lib_a-findfp.o)
 .text.__fp_unlock
                0x000000000001426c        0x8 /usr/local/3rdparty/altera/18.1/nios2eds/bin/gnu/H-x86_64-pc-linux-gnu/bin/../lib/gcc/nios2-elf/5.3.0/../../../../../H-x86_64-pc-linux-gnu/nios2-elf/lib/libc.a(lib_a-findfp.o)
 .text._cleanup_r
                0x0000000000014274        0xc /usr/local/3rdparty/altera/18.1/nios2eds/bin/gnu/H-x86_64-pc-linux-gnu/bin/../lib/gcc/nios2-elf/5.3.0/../../../../../H-x86_64-pc-linux-gnu/nios2-elf/lib/libc.a(lib_a-findfp.o)
                0x0000000000014274                _cleanup_r
 .text.__sinit.part.1
                0x0000000000014280      0x19c /usr/local/3rdparty/altera/18.1/nios2eds/bin/gnu/H-x86_64-pc-linux-gnu/bin/../lib/gcc/nios2-elf/5.3.0/../../../../../H-x86_64-pc-linux-gnu/nios2-elf/lib/libc.a(lib_a-findfp.o)
 .text.__fp_lock
                0x000000000001441c        0x8 /usr/local/3rdparty/altera/18.1/nios2eds/bin/gnu/H-x86_64-pc-linux-gnu/bin/../lib/gcc/nios2-elf/5.3.0/../../../../../H-x86_64-pc-linux-gnu/nios2-elf/lib/libc.a(lib_a-findfp.o)
 .text.__sfmoreglue
                0x0000000000014424       0x68 /usr/local/3rdparty/altera/18.1/nios2eds/bin/gnu/H-x86_64-pc-linux-gnu/bin/../lib/gcc/nios2-elf/5.3.0/../../../../../H-x86_64-pc-linux-gnu/nios2-elf/lib/libc.a(lib_a-findfp.o)
                0x0000000000014424                __sfmoreglue
 .text.__sfp    0x000000000001448c      0x118 /usr/local/3rdparty/altera/18.1/nios2eds/bin/gnu/H-x86_64-pc-linux-gnu/bin/../lib/gcc/nios2-elf/5.3.0/../../../../../H-x86_64-pc-linux-gnu/nios2-elf/lib/libc.a(lib_a-findfp.o)
                0x000000000001448c                __sfp
 .text._cleanup
                0x00000000000145a4       0x18 /usr/local/3rdparty/altera/18.1/nios2eds/bin/gnu/H-x86_64-pc-linux-gnu/bin/../lib/gcc/nios2-elf/5.3.0/../../../../../H-x86_64-pc-linux-gnu/nios2-elf/lib/libc.a(lib_a-findfp.o)
                0x00000000000145a4                _cleanup
 .text.__sinit  0x00000000000145bc       0x10 /usr/local/3rdparty/altera/18.1/nios2eds/bin/gnu/H-x86_64-pc-linux-gnu/bin/../lib/gcc/nios2-elf/5.3.0/../../../../../H-x86_64-pc-linux-gnu/nios2-elf/lib/libc.a(lib_a-findfp.o)
                0x00000000000145bc                __sinit
 .text.__sfp_lock_acquire
                0x00000000000145cc        0x4 /usr/local/3rdparty/altera/18.1/nios2eds/bin/gnu/H-x86_64-pc-linux-gnu/bin/../lib/gcc/nios2-elf/5.3.0/../../../../../H-x86_64-pc-linux-gnu/nios2-elf/lib/libc.a(lib_a-findfp.o)
                0x00000000000145cc                __sfp_lock_acquire
 .text.__sfp_lock_release
                0x00000000000145d0        0x4 /usr/local/3rdparty/altera/18.1/nios2eds/bin/gnu/H-x86_64-pc-linux-gnu/bin/../lib/gcc/nios2-elf/5.3.0/../../../../../H-x86_64-pc-linux-gnu/nios2-elf/lib/libc.a(lib_a-findfp.o)
                0x00000000000145d0                __sfp_lock_release
 .text.__sinit_lock_acquire
                0x00000000000145d4        0x4 /usr/local/3rdparty/altera/18.1/nios2eds/bin/gnu/H-x86_64-pc-linux-gnu/bin/../lib/gcc/nios2-elf/5.3.0/../../../../../H-x86_64-pc-linux-gnu/nios2-elf/lib/libc.a(lib_a-findfp.o)
                0x00000000000145d4                __sinit_lock_acquire
 .text.__sinit_lock_release
                0x00000000000145d8        0x4 /usr/local/3rdparty/altera/18.1/nios2eds/bin/gnu/H-x86_64-pc-linux-gnu/bin/../lib/gcc/nios2-elf/5.3.0/../../../../../H-x86_64-pc-linux-gnu/nios2-elf/lib/libc.a(lib_a-findfp.o)
                0x00000000000145d8                __sinit_lock_release
 .text.__fp_lock_all
                0x00000000000145dc       0x18 /usr/local/3rdparty/altera/18.1/nios2eds/bin/gnu/H-x86_64-pc-linux-gnu/bin/../lib/gcc/nios2-elf/5.3.0/../../../../../H-x86_64-pc-linux-gnu/nios2-elf/lib/libc.a(lib_a-findfp.o)
                0x00000000000145dc                __fp_lock_all
 .text.__fp_unlock_all
                0x00000000000145f4       0x18 /usr/local/3rdparty/altera/18.1/nios2eds/bin/gnu/H-x86_64-pc-linux-gnu/bin/../lib/gcc/nios2-elf/5.3.0/../../../../../H-x86_64-pc-linux-gnu/nios2-elf/lib/libc.a(lib_a-findfp.o)
                0x00000000000145f4                __fp_unlock_all
 .text          0x000000000001460c        0x0 /usr/local/3rdparty/altera/18.1/nios2eds/bin/gnu/H-x86_64-pc-linux-gnu/bin/../lib/gcc/nios2-elf/5.3.0/../../../../../H-x86_64-pc-linux-gnu/nios2-elf/lib/libc.a(lib_a-freer.o)
 .text._malloc_trim_r
                0x000000000001460c      0x124 /usr/local/3rdparty/altera/18.1/nios2eds/bin/gnu/H-x86_64-pc-linux-gnu/bin/../lib/gcc/nios2-elf/5.3.0/../../../../../H-x86_64-pc-linux-gnu/nios2-elf/lib/libc.a(lib_a-freer.o)
                0x000000000001460c                _malloc_trim_r
 .text._free_r  0x0000000000014730      0x310 /usr/local/3rdparty/altera/18.1/nios2eds/bin/gnu/H-x86_64-pc-linux-gnu/bin/../lib/gcc/nios2-elf/5.3.0/../../../../../H-x86_64-pc-linux-gnu/nios2-elf/lib/libc.a(lib_a-freer.o)
                0x0000000000014730                _free_r
 .text          0x0000000000014a40        0x0 /usr/local/3rdparty/altera/18.1/nios2eds/bin/gnu/H-x86_64-pc-linux-gnu/bin/../lib/gcc/nios2-elf/5.3.0/../../../../../H-x86_64-pc-linux-gnu/nios2-elf/lib/libc.a(lib_a-fwalk.o)
 .text._fwalk   0x0000000000014a40       0xc4 /usr/local/3rdparty/altera/18.1/nios2eds/bin/gnu/H-x86_64-pc-linux-gnu/bin/../lib/gcc/nios2-elf/5.3.0/../../../../../H-x86_64-pc-linux-gnu/nios2-elf/lib/libc.a(lib_a-fwalk.o)
                0x0000000000014a40                _fwalk
 .text._fwalk_reent
                0x0000000000014b04       0xc4 /usr/local/3rdparty/altera/18.1/nios2eds/bin/gnu/H-x86_64-pc-linux-gnu/bin/../lib/gcc/nios2-elf/5.3.0/../../../../../H-x86_64-pc-linux-gnu/nios2-elf/lib/libc.a(lib_a-fwalk.o)
                0x0000000000014b04                _fwalk_reent
 .text          0x0000000000014bc8        0x0 /usr/local/3rdparty/altera/18.1/nios2eds/bin/gnu/H-x86_64-pc-linux-gnu/bin/../lib/gcc/nios2-elf/5.3.0/../../../../../H-x86_64-pc-linux-gnu/nios2-elf/lib/libc.a(lib_a-makebuf.o)
 .text.__smakebuf_r
                0x0000000000014bc8      0x1bc /usr/local/3rdparty/altera/18.1/nios2eds/bin/gnu/H-x86_64-pc-linux-gnu/bin/../lib/gcc/nios2-elf/5.3.0/../../../../../H-x86_64-pc-linux-gnu/nios2-elf/lib/libc.a(lib_a-makebuf.o)
                0x0000000000014bc8                __smakebuf_r
 .text          0x0000000000014d84        0x0 /usr/local/3rdparty/altera/18.1/nios2eds/bin/gnu/H-x86_64-pc-linux-gnu/bin/../lib/gcc/nios2-elf/5.3.0/../../../../../H-x86_64-pc-linux-gnu/nios2-elf/lib/libc.a(lib_a-memset.o)
 .text.memset   0x0000000000014d84      0x128 /usr/local/3rdparty/altera/18.1/nios2eds/bin/gnu/H-x86_64-pc-linux-gnu/bin/../lib/gcc/nios2-elf/5.3.0/../../../../../H-x86_64-pc-linux-gnu/nios2-elf/lib/libc.a(lib_a-memset.o)
                0x0000000000014d84                memset
 .text          0x0000000000014eac        0x0 /usr/local/3rdparty/altera/18.1/nios2eds/bin/gnu/H-x86_64-pc-linux-gnu/bin/../lib/gcc/nios2-elf/5.3.0/../../../../../H-x86_64-pc-linux-gnu/nios2-elf/lib/libc.a(lib_a-stdio.o)
 .text.__sread  0x0000000000014eac       0x54 /usr/local/3rdparty/altera/18.1/nios2eds/bin/gnu/H-x86_64-pc-linux-gnu/bin/../lib/gcc/nios2-elf/5.3.0/../../../../../H-x86_64-pc-linux-gnu/nios2-elf/lib/libc.a(lib_a-stdio.o)
                0x0000000000014eac                __sread
 .text.__seofread
                0x0000000000014f00        0x8 /usr/local/3rdparty/altera/18.1/nios2eds/bin/gnu/H-x86_64-pc-linux-gnu/bin/../lib/gcc/nios2-elf/5.3.0/../../../../../H-x86_64-pc-linux-gnu/nios2-elf/lib/libc.a(lib_a-stdio.o)
                0x0000000000014f00                __seofread
 .text.__swrite
                0x0000000000014f08       0x7c /usr/local/3rdparty/altera/18.1/nios2eds/bin/gnu/H-x86_64-pc-linux-gnu/bin/../lib/gcc/nios2-elf/5.3.0/../../../../../H-x86_64-pc-linux-gnu/nios2-elf/lib/libc.a(lib_a-stdio.o)
                0x0000000000014f08                __swrite
 .text.__sseek  0x0000000000014f84       0x5c /usr/local/3rdparty/altera/18.1/nios2eds/bin/gnu/H-x86_64-pc-linux-gnu/bin/../lib/gcc/nios2-elf/5.3.0/../../../../../H-x86_64-pc-linux-gnu/nios2-elf/lib/libc.a(lib_a-stdio.o)
                0x0000000000014f84                __sseek
 .text.__sclose
                0x0000000000014fe0        0x8 /usr/local/3rdparty/altera/18.1/nios2eds/bin/gnu/H-x86_64-pc-linux-gnu/bin/../lib/gcc/nios2-elf/5.3.0/../../../../../H-x86_64-pc-linux-gnu/nios2-elf/lib/libc.a(lib_a-stdio.o)
                0x0000000000014fe0                __sclose
 .text          0x0000000000014fe8        0x0 /usr/local/3rdparty/altera/18.1/nios2eds/bin/gnu/H-x86_64-pc-linux-gnu/bin/../lib/gcc/nios2-elf/5.3.0/../../../../../H-x86_64-pc-linux-gnu/nios2-elf/lib/libc.a(lib_a-writer.o)
 .text._write_r
                0x0000000000014fe8       0x60 /usr/local/3rdparty/altera/18.1/nios2eds/bin/gnu/H-x86_64-pc-linux-gnu/bin/../lib/gcc/nios2-elf/5.3.0/../../../../../H-x86_64-pc-linux-gnu/nios2-elf/lib/libc.a(lib_a-writer.o)
                0x0000000000014fe8                _write_r
 .text          0x0000000000015048        0x0 /usr/local/3rdparty/altera/18.1/nios2eds/bin/gnu/H-x86_64-pc-linux-gnu/bin/../lib/gcc/nios2-elf/5.3.0/../../../../../H-x86_64-pc-linux-gnu/nios2-elf/lib/libc.a(closer.o)
 .text._close_r
                0x0000000000015048       0x54 /usr/local/3rdparty/altera/18.1/nios2eds/bin/gnu/H-x86_64-pc-linux-gnu/bin/../lib/gcc/nios2-elf/5.3.0/../../../../../H-x86_64-pc-linux-gnu/nios2-elf/lib/libc.a(closer.o)
                0x0000000000015048                _close_r
 .text          0x000000000001509c        0x0 /usr/local/3rdparty/altera/18.1/nios2eds/bin/gnu/H-x86_64-pc-linux-gnu/bin/../lib/gcc/nios2-elf/5.3.0/../../../../../H-x86_64-pc-linux-gnu/nios2-elf/lib/libc.a(lib_a-fclose.o)
 .text._fclose_r
                0x000000000001509c       0xf0 /usr/local/3rdparty/altera/18.1/nios2eds/bin/gnu/H-x86_64-pc-linux-gnu/bin/../lib/gcc/nios2-elf/5.3.0/../../../../../H-x86_64-pc-linux-gnu/nios2-elf/lib/libc.a(lib_a-fclose.o)
                0x000000000001509c                _fclose_r
 .text.fclose   0x000000000001518c       0x14 /usr/local/3rdparty/altera/18.1/nios2eds/bin/gnu/H-x86_64-pc-linux-gnu/bin/../lib/gcc/nios2-elf/5.3.0/../../../../../H-x86_64-pc-linux-gnu/nios2-elf/lib/libc.a(lib_a-fclose.o)
                0x000000000001518c                fclose
 .text          0x00000000000151a0        0x0 /usr/local/3rdparty/altera/18.1/nios2eds/bin/gnu/H-x86_64-pc-linux-gnu/bin/../lib/gcc/nios2-elf/5.3.0/../../../../../H-x86_64-pc-linux-gnu/nios2-elf/lib/libc.a(lib_a-fstatr.o)
 .text._fstat_r
                0x00000000000151a0       0x5c /usr/local/3rdparty/altera/18.1/nios2eds/bin/gnu/H-x86_64-pc-linux-gnu/bin/../lib/gcc/nios2-elf/5.3.0/../../../../../H-x86_64-pc-linux-gnu/nios2-elf/lib/libc.a(lib_a-fstatr.o)
                0x00000000000151a0                _fstat_r
 .text          0x00000000000151fc        0x0 /usr/local/3rdparty/altera/18.1/nios2eds/bin/gnu/H-x86_64-pc-linux-gnu/bin/../lib/gcc/nios2-elf/5.3.0/../../../../../H-x86_64-pc-linux-gnu/nios2-elf/lib/libc.a(lib_a-isattyr.o)
 .text._isatty_r
                0x00000000000151fc       0x54 /usr/local/3rdparty/altera/18.1/nios2eds/bin/gnu/H-x86_64-pc-linux-gnu/bin/../lib/gcc/nios2-elf/5.3.0/../../../../../H-x86_64-pc-linux-gnu/nios2-elf/lib/libc.a(lib_a-isattyr.o)
                0x00000000000151fc                _isatty_r
 .text          0x0000000000015250        0x0 /usr/local/3rdparty/altera/18.1/nios2eds/bin/gnu/H-x86_64-pc-linux-gnu/bin/../lib/gcc/nios2-elf/5.3.0/../../../../../H-x86_64-pc-linux-gnu/nios2-elf/lib/libc.a(lib_a-lseekr.o)
 .text._lseek_r
                0x0000000000015250       0x60 /usr/local/3rdparty/altera/18.1/nios2eds/bin/gnu/H-x86_64-pc-linux-gnu/bin/../lib/gcc/nios2-elf/5.3.0/../../../../../H-x86_64-pc-linux-gnu/nios2-elf/lib/libc.a(lib_a-lseekr.o)
                0x0000000000015250                _lseek_r
 .text          0x00000000000152b0        0x0 /usr/local/3rdparty/altera/18.1/nios2eds/bin/gnu/H-x86_64-pc-linux-gnu/bin/../lib/gcc/nios2-elf/5.3.0/../../../../../H-x86_64-pc-linux-gnu/nios2-elf/lib/libc.a(lib_a-readr.o)
 .text._read_r  0x00000000000152b0       0x60 /usr/local/3rdparty/altera/18.1/nios2eds/bin/gnu/H-x86_64-pc-linux-gnu/bin/../lib/gcc/nios2-elf/5.3.0/../../../../../H-x86_64-pc-linux-gnu/nios2-elf/lib/libc.a(lib_a-readr.o)
                0x00000000000152b0                _read_r
 .text          0x0000000000015310      0x1b4 /usr/local/3rdparty/altera/18.1/nios2eds/bin/gnu/H-x86_64-pc-linux-gnu/bin/../lib/gcc/nios2-elf/5.3.0/libgcc.a(lib2-divmod.o)
                0x0000000000015310                __divsi3
                0x0000000000015394                __modsi3
                0x0000000000015408                __udivsi3
                0x000000000001546c                __umodsi3
 .text          0x00000000000154c4       0x34 ../prj2_bsp//libhal_bsp.a(alt_exit.o)
                0x00000000000154c4                _exit
 .text          0x00000000000154f8       0xec ../prj2_bsp//libhal_bsp.a(alt_fstat.o)
                0x0000000000015534                fstat
 .text          0x00000000000155e4       0xe0 ../prj2_bsp//libhal_bsp.a(alt_isatty.o)
                0x0000000000015620                isatty
 .text          0x00000000000156c4      0x110 ../prj2_bsp//libhal_bsp.a(alt_lseek.o)
                0x0000000000015700                lseek
 .text          0x00000000000157d4       0x48 ../prj2_bsp//libhal_bsp.a(alt_malloc_lock.o)
                0x00000000000157d4                __malloc_lock
                0x00000000000157f8                __malloc_unlock
 .text          0x000000000001581c      0x138 ../prj2_bsp//libhal_bsp.a(alt_read.o)
                0x0000000000015858                read
 .text          0x0000000000015954       0xb0 ../prj2_bsp//libhal_bsp.a(alt_sbrk.o)
                0x0000000000015954                sbrk
 .text          0x0000000000015a04      0x134 ../prj2_bsp//libhal_bsp.a(alt_write.o)
                0x0000000000015a40                write
 *(.gnu.warning.*)
 *(.fini)
                [!provide]                        PROVIDE (__etext, ABSOLUTE (.))
                [!provide]                        PROVIDE (_etext, ABSOLUTE (.))
                [!provide]                        PROVIDE (etext, ABSOLUTE (.))
 *(.eh_frame_hdr)
                0x0000000000015b38                . = ALIGN (0x4)
                [!provide]                        PROVIDE (__preinit_array_start, ABSOLUTE (.))
 *(.preinit_array)
                [!provide]                        PROVIDE (__preinit_array_end, ABSOLUTE (.))
                [!provide]                        PROVIDE (__init_array_start, ABSOLUTE (.))
 *(.init_array)
                [!provide]                        PROVIDE (__init_array_end, ABSOLUTE (.))
                [!provide]                        PROVIDE (__fini_array_start, ABSOLUTE (.))
 *(.fini_array)
                [!provide]                        PROVIDE (__fini_array_end, ABSOLUTE (.))
 *(.eh_frame)
 *(.gcc_except_table .gcc_except_table.*)
 *(.dynamic)
                0x0000000000015b38                PROVIDE (__CTOR_LIST__, ABSOLUTE (.))
 *(.ctors)
 *(SORT(.ctors.*))
                0x0000000000015b38                PROVIDE (__CTOR_END__, ABSOLUTE (.))
                0x0000000000015b38                PROVIDE (__DTOR_LIST__, ABSOLUTE (.))
 *(.dtors)
 *(SORT(.dtors.*))
                0x0000000000015b38                PROVIDE (__DTOR_END__, ABSOLUTE (.))
 *(.jcr)
                0x0000000000015b38                . = ALIGN (0x4)

.rodata         0x0000000000015b38       0x88
                0x0000000000015b38                PROVIDE (__ram_rodata_start, ABSOLUTE (.))
                0x0000000000015b38                . = ALIGN (0x4)
 *(.rodata .rodata.* .gnu.linkonce.r.*)
 .rodata        0x0000000000015b38       0x4d obj/default/prj2.o
 *fill*         0x0000000000015b85        0x3 
 .rodata.str1.4
                0x0000000000015b88        0x4 /usr/local/3rdparty/altera/18.1/nios2eds/bin/gnu/H-x86_64-pc-linux-gnu/bin/../lib/gcc/nios2-elf/5.3.0/../../../../../H-x86_64-pc-linux-gnu/nios2-elf/lib/libc.a(lib_a-impure.o)
                                          0x2 (size before relaxing)
 .rodata        0x0000000000015b8c       0x11 ../prj2_bsp//libhal_bsp.a(alt_main.o)
 *fill*         0x0000000000015b9d        0x3 
 .rodata        0x0000000000015ba0       0x11 ../prj2_bsp//libhal_bsp.a(alt_sys_init.o)
 *fill*         0x0000000000015bb1        0x3 
 .rodata        0x0000000000015bb4        0xa ../prj2_bsp//libhal_bsp.a(alt_dev.o)
 *(.rodata1)
                0x0000000000015bc0                . = ALIGN (0x4)
 *fill*         0x0000000000015bbe        0x2 
                0x0000000000015bc0                PROVIDE (__ram_rodata_end, ABSOLUTE (.))
                0x0000000000015b38                PROVIDE (__flash_rodata_start, LOADADDR (.rodata))

.rwdata         0x0000000000015bc0     0x1a6c load address 0x000000000001762c
                0x0000000000015bc0                PROVIDE (__ram_rwdata_start, ABSOLUTE (.))
                0x0000000000015bc0                . = ALIGN (0x4)
 *(.got.plt)
 *(.got)
 *(.data1)
 *(.data .data.* .gnu.linkonce.d.*)
 .data          0x0000000000015bc0        0x0 ../prj2_bsp//obj/HAL/src/crt0.o
 .data          0x0000000000015bc0        0x0 obj/default/prj2.o
 .data          0x0000000000015bc0        0x0 /usr/local/3rdparty/altera/18.1/nios2eds/bin/gnu/H-x86_64-pc-linux-gnu/bin/../lib/gcc/nios2-elf/5.3.0/../../../../../H-x86_64-pc-linux-gnu/nios2-elf/lib/libc.a(lib_a-rand.o)
 .data          0x0000000000015bc0        0x0 /usr/local/3rdparty/altera/18.1/nios2eds/bin/gnu/H-x86_64-pc-linux-gnu/bin/../lib/gcc/nios2-elf/5.3.0/../../../../../H-x86_64-pc-linux-gnu/nios2-elf/lib/libc.a(lib_a-impure.o)
 .data.impure_data
                0x0000000000015bc0      0x424 /usr/local/3rdparty/altera/18.1/nios2eds/bin/gnu/H-x86_64-pc-linux-gnu/bin/../lib/gcc/nios2-elf/5.3.0/../../../../../H-x86_64-pc-linux-gnu/nios2-elf/lib/libc.a(lib_a-impure.o)
 .data          0x0000000000015fe4        0x0 /usr/local/3rdparty/altera/18.1/nios2eds/bin/gnu/H-x86_64-pc-linux-gnu/bin/../lib/gcc/nios2-elf/5.3.0/libgcc.a(_muldi3.o)
 .data          0x0000000000015fe4        0x0 ../prj2_bsp//libhal_bsp.a(alt_load.o)
 .data          0x0000000000015fe4        0x0 ../prj2_bsp//libhal_bsp.a(alt_main.o)
 .data          0x0000000000015fe4        0x0 ../prj2_bsp//libhal_bsp.a(alt_putstr.o)
 .data          0x0000000000015fe4        0x0 ../prj2_bsp//libhal_bsp.a(alt_usleep.o)
 .data          0x0000000000015fe4     0x1060 ../prj2_bsp//libhal_bsp.a(alt_sys_init.o)
 .data          0x0000000000017044        0x0 ../prj2_bsp//libhal_bsp.a(altera_avalon_jtag_uart_fd.o)
 .data          0x0000000000017044        0x0 ../prj2_bsp//libhal_bsp.a(altera_avalon_jtag_uart_init.o)
 .data          0x0000000000017044        0x0 ../prj2_bsp//libhal_bsp.a(altera_avalon_jtag_uart_ioctl.o)
 .data          0x0000000000017044        0x0 ../prj2_bsp//libhal_bsp.a(altera_avalon_jtag_uart_read.o)
 .data          0x0000000000017044        0x0 ../prj2_bsp//libhal_bsp.a(altera_avalon_jtag_uart_write.o)
 .data          0x0000000000017044        0x0 ../prj2_bsp//libhal_bsp.a(alt_alarm_start.o)
 .data          0x0000000000017044        0x0 ../prj2_bsp//libhal_bsp.a(alt_busy_sleep.o)
 .data          0x0000000000017044        0x0 ../prj2_bsp//libhal_bsp.a(alt_close.o)
 .data          0x0000000000017044        0x0 ../prj2_bsp//libhal_bsp.a(alt_dcache_flush_all.o)
 .data          0x0000000000017044      0x1a8 ../prj2_bsp//libhal_bsp.a(alt_dev.o)
                0x0000000000017044                alt_dev_null
                0x000000000001706c                alt_fd_list
 .data          0x00000000000171ec        0x0 ../prj2_bsp//libhal_bsp.a(alt_dev_llist_insert.o)
 .data          0x00000000000171ec        0x0 ../prj2_bsp//libhal_bsp.a(alt_do_ctors.o)
 .data          0x00000000000171ec        0x0 ../prj2_bsp//libhal_bsp.a(alt_do_dtors.o)
 .data          0x00000000000171ec        0x0 ../prj2_bsp//libhal_bsp.a(alt_errno.o)
 .data          0x00000000000171ec        0x0 ../prj2_bsp//libhal_bsp.a(alt_icache_flush_all.o)
 .data          0x00000000000171ec        0x0 ../prj2_bsp//libhal_bsp.a(alt_iic.o)
 .data          0x00000000000171ec        0x0 ../prj2_bsp//libhal_bsp.a(alt_iic_isr_register.o)
 .data          0x00000000000171ec        0x0 ../prj2_bsp//libhal_bsp.a(alt_io_redirect.o)
 .data          0x00000000000171ec        0x0 ../prj2_bsp//libhal_bsp.a(alt_irq_entry.o)
 .data          0x00000000000171ec        0x0 ../prj2_bsp//libhal_bsp.a(alt_irq_handler.o)
 .data          0x00000000000171ec        0x0 ../prj2_bsp//libhal_bsp.a(alt_irq_vars.o)
 .data          0x00000000000171ec        0x0 ../prj2_bsp//libhal_bsp.a(alt_open.o)
 .data          0x00000000000171ec        0x0 ../prj2_bsp//libhal_bsp.a(alt_release_fd.o)
 .data          0x00000000000171ec        0x0 ../prj2_bsp//libhal_bsp.a(alt_tick.o)
 .data          0x00000000000171ec        0x0 ../prj2_bsp//libhal_bsp.a(altera_nios2_gen2_irq.o)
 .data          0x00000000000171ec        0x0 ../prj2_bsp//libhal_bsp.a(alt_exception_entry.o)
 .data          0x00000000000171ec        0x0 ../prj2_bsp//libhal_bsp.a(alt_find_dev.o)
 .data          0x00000000000171ec        0x0 ../prj2_bsp//libhal_bsp.a(alt_find_file.o)
 .data          0x00000000000171ec        0x0 ../prj2_bsp//libhal_bsp.a(alt_get_fd.o)
 .data          0x00000000000171ec        0x0 ../prj2_bsp//libhal_bsp.a(alt_icache_flush.o)
 .data          0x00000000000171ec        0x0 ../prj2_bsp//libhal_bsp.a(alt_instruction_exception_entry.o)
 .data          0x00000000000171ec        0x0 /usr/local/3rdparty/altera/18.1/nios2eds/bin/gnu/H-x86_64-pc-linux-gnu/bin/../lib/gcc/nios2-elf/5.3.0/../../../../../H-x86_64-pc-linux-gnu/nios2-elf/lib/libc.a(lib_a-atexit.o)
 .data          0x00000000000171ec        0x0 /usr/local/3rdparty/altera/18.1/nios2eds/bin/gnu/H-x86_64-pc-linux-gnu/bin/../lib/gcc/nios2-elf/5.3.0/../../../../../H-x86_64-pc-linux-gnu/nios2-elf/lib/libc.a(lib_a-exit.o)
 .data          0x00000000000171ec        0x0 /usr/local/3rdparty/altera/18.1/nios2eds/bin/gnu/H-x86_64-pc-linux-gnu/bin/../lib/gcc/nios2-elf/5.3.0/../../../../../H-x86_64-pc-linux-gnu/nios2-elf/lib/libc.a(lib_a-fputs.o)
 .data          0x00000000000171ec        0x0 /usr/local/3rdparty/altera/18.1/nios2eds/bin/gnu/H-x86_64-pc-linux-gnu/bin/../lib/gcc/nios2-elf/5.3.0/../../../../../H-x86_64-pc-linux-gnu/nios2-elf/lib/libc.a(lib_a-fvwrite.o)
 .data          0x00000000000171ec        0x0 /usr/local/3rdparty/altera/18.1/nios2eds/bin/gnu/H-x86_64-pc-linux-gnu/bin/../lib/gcc/nios2-elf/5.3.0/../../../../../H-x86_64-pc-linux-gnu/nios2-elf/lib/libc.a(lib_a-int_errno.o)
 .data          0x00000000000171ec        0x0 /usr/local/3rdparty/altera/18.1/nios2eds/bin/gnu/H-x86_64-pc-linux-gnu/bin/../lib/gcc/nios2-elf/5.3.0/../../../../../H-x86_64-pc-linux-gnu/nios2-elf/lib/libc.a(lib_a-mallocr.o)
 .data.__malloc_av_
                0x00000000000171ec      0x408 /usr/local/3rdparty/altera/18.1/nios2eds/bin/gnu/H-x86_64-pc-linux-gnu/bin/../lib/gcc/nios2-elf/5.3.0/../../../../../H-x86_64-pc-linux-gnu/nios2-elf/lib/libc.a(lib_a-mallocr.o)
                0x00000000000171ec                __malloc_av_
 .data          0x00000000000175f4        0x0 /usr/local/3rdparty/altera/18.1/nios2eds/bin/gnu/H-x86_64-pc-linux-gnu/bin/../lib/gcc/nios2-elf/5.3.0/../../../../../H-x86_64-pc-linux-gnu/nios2-elf/lib/libc.a(lib_a-memchr.o)
 .data          0x00000000000175f4        0x0 /usr/local/3rdparty/altera/18.1/nios2eds/bin/gnu/H-x86_64-pc-linux-gnu/bin/../lib/gcc/nios2-elf/5.3.0/../../../../../H-x86_64-pc-linux-gnu/nios2-elf/lib/libc.a(lib_a-memcmp.o)
 .data          0x00000000000175f4        0x0 /usr/local/3rdparty/altera/18.1/nios2eds/bin/gnu/H-x86_64-pc-linux-gnu/bin/../lib/gcc/nios2-elf/5.3.0/../../../../../H-x86_64-pc-linux-gnu/nios2-elf/lib/libc.a(lib_a-memcpy.o)
 .data          0x00000000000175f4        0x0 /usr/local/3rdparty/altera/18.1/nios2eds/bin/gnu/H-x86_64-pc-linux-gnu/bin/../lib/gcc/nios2-elf/5.3.0/../../../../../H-x86_64-pc-linux-gnu/nios2-elf/lib/libc.a(lib_a-memmove.o)
 .data          0x00000000000175f4        0x0 /usr/local/3rdparty/altera/18.1/nios2eds/bin/gnu/H-x86_64-pc-linux-gnu/bin/../lib/gcc/nios2-elf/5.3.0/../../../../../H-x86_64-pc-linux-gnu/nios2-elf/lib/libc.a(lib_a-reallocr.o)
 .data          0x00000000000175f4        0x0 /usr/local/3rdparty/altera/18.1/nios2eds/bin/gnu/H-x86_64-pc-linux-gnu/bin/../lib/gcc/nios2-elf/5.3.0/../../../../../H-x86_64-pc-linux-gnu/nios2-elf/lib/libc.a(lib_a-sbrkr.o)
 .data          0x00000000000175f4        0x0 /usr/local/3rdparty/altera/18.1/nios2eds/bin/gnu/H-x86_64-pc-linux-gnu/bin/../lib/gcc/nios2-elf/5.3.0/../../../../../H-x86_64-pc-linux-gnu/nios2-elf/lib/libc.a(lib_a-strlen.o)
 .data          0x00000000000175f4        0x0 /usr/local/3rdparty/altera/18.1/nios2eds/bin/gnu/H-x86_64-pc-linux-gnu/bin/../lib/gcc/nios2-elf/5.3.0/../../../../../H-x86_64-pc-linux-gnu/nios2-elf/lib/libc.a(lib_a-wsetup.o)
 .data          0x00000000000175f4        0x0 /usr/local/3rdparty/altera/18.1/nios2eds/bin/gnu/H-x86_64-pc-linux-gnu/bin/../lib/gcc/nios2-elf/5.3.0/../../../../../H-x86_64-pc-linux-gnu/nios2-elf/lib/libc.a(lib_a-__atexit.o)
 .data          0x00000000000175f4        0x0 /usr/local/3rdparty/altera/18.1/nios2eds/bin/gnu/H-x86_64-pc-linux-gnu/bin/../lib/gcc/nios2-elf/5.3.0/../../../../../H-x86_64-pc-linux-gnu/nios2-elf/lib/libc.a(lib_a-__call_atexit.o)
 .data          0x00000000000175f4        0x0 /usr/local/3rdparty/altera/18.1/nios2eds/bin/gnu/H-x86_64-pc-linux-gnu/bin/../lib/gcc/nios2-elf/5.3.0/../../../../../H-x86_64-pc-linux-gnu/nios2-elf/lib/libc.a(lib_a-fflush.o)
 .data          0x00000000000175f4        0x0 /usr/local/3rdparty/altera/18.1/nios2eds/bin/gnu/H-x86_64-pc-linux-gnu/bin/../lib/gcc/nios2-elf/5.3.0/../../../../../H-x86_64-pc-linux-gnu/nios2-elf/lib/libc.a(lib_a-findfp.o)
 .data          0x00000000000175f4        0x0 /usr/local/3rdparty/altera/18.1/nios2eds/bin/gnu/H-x86_64-pc-linux-gnu/bin/../lib/gcc/nios2-elf/5.3.0/../../../../../H-x86_64-pc-linux-gnu/nios2-elf/lib/libc.a(lib_a-freer.o)
 .data          0x00000000000175f4        0x0 /usr/local/3rdparty/altera/18.1/nios2eds/bin/gnu/H-x86_64-pc-linux-gnu/bin/../lib/gcc/nios2-elf/5.3.0/../../../../../H-x86_64-pc-linux-gnu/nios2-elf/lib/libc.a(lib_a-fwalk.o)
 .data          0x00000000000175f4        0x0 /usr/local/3rdparty/altera/18.1/nios2eds/bin/gnu/H-x86_64-pc-linux-gnu/bin/../lib/gcc/nios2-elf/5.3.0/../../../../../H-x86_64-pc-linux-gnu/nios2-elf/lib/libc.a(lib_a-makebuf.o)
 .data          0x00000000000175f4        0x0 /usr/local/3rdparty/altera/18.1/nios2eds/bin/gnu/H-x86_64-pc-linux-gnu/bin/../lib/gcc/nios2-elf/5.3.0/../../../../../H-x86_64-pc-linux-gnu/nios2-elf/lib/libc.a(lib_a-memset.o)
 .data          0x00000000000175f4        0x0 /usr/local/3rdparty/altera/18.1/nios2eds/bin/gnu/H-x86_64-pc-linux-gnu/bin/../lib/gcc/nios2-elf/5.3.0/../../../../../H-x86_64-pc-linux-gnu/nios2-elf/lib/libc.a(lib_a-stdio.o)
 .data          0x00000000000175f4        0x0 /usr/local/3rdparty/altera/18.1/nios2eds/bin/gnu/H-x86_64-pc-linux-gnu/bin/../lib/gcc/nios2-elf/5.3.0/../../../../../H-x86_64-pc-linux-gnu/nios2-elf/lib/libc.a(lib_a-writer.o)
 .data          0x00000000000175f4        0x0 /usr/local/3rdparty/altera/18.1/nios2eds/bin/gnu/H-x86_64-pc-linux-gnu/bin/../lib/gcc/nios2-elf/5.3.0/../../../../../H-x86_64-pc-linux-gnu/nios2-elf/lib/libc.a(closer.o)
 .data          0x00000000000175f4        0x0 /usr/local/3rdparty/altera/18.1/nios2eds/bin/gnu/H-x86_64-pc-linux-gnu/bin/../lib/gcc/nios2-elf/5.3.0/../../../../../H-x86_64-pc-linux-gnu/nios2-elf/lib/libc.a(lib_a-fclose.o)
 .data          0x00000000000175f4        0x0 /usr/local/3rdparty/altera/18.1/nios2eds/bin/gnu/H-x86_64-pc-linux-gnu/bin/../lib/gcc/nios2-elf/5.3.0/../../../../../H-x86_64-pc-linux-gnu/nios2-elf/lib/libc.a(lib_a-fstatr.o)
 .data          0x00000000000175f4        0x0 /usr/local/3rdparty/altera/18.1/nios2eds/bin/gnu/H-x86_64-pc-linux-gnu/bin/../lib/gcc/nios2-elf/5.3.0/../../../../../H-x86_64-pc-linux-gnu/nios2-elf/lib/libc.a(lib_a-isattyr.o)
 .data          0x00000000000175f4        0x0 /usr/local/3rdparty/altera/18.1/nios2eds/bin/gnu/H-x86_64-pc-linux-gnu/bin/../lib/gcc/nios2-elf/5.3.0/../../../../../H-x86_64-pc-linux-gnu/nios2-elf/lib/libc.a(lib_a-lseekr.o)
 .data          0x00000000000175f4        0x0 /usr/local/3rdparty/altera/18.1/nios2eds/bin/gnu/H-x86_64-pc-linux-gnu/bin/../lib/gcc/nios2-elf/5.3.0/../../../../../H-x86_64-pc-linux-gnu/nios2-elf/lib/libc.a(lib_a-readr.o)
 .data          0x00000000000175f4        0x0 /usr/local/3rdparty/altera/18.1/nios2eds/bin/gnu/H-x86_64-pc-linux-gnu/bin/../lib/gcc/nios2-elf/5.3.0/libgcc.a(lib2-divmod.o)
 .data          0x00000000000175f4        0x0 ../prj2_bsp//libhal_bsp.a(alt_exit.o)
 .data          0x00000000000175f4        0x0 ../prj2_bsp//libhal_bsp.a(alt_fstat.o)
 .data          0x00000000000175f4        0x0 ../prj2_bsp//libhal_bsp.a(alt_isatty.o)
 .data          0x00000000000175f4        0x0 ../prj2_bsp//libhal_bsp.a(alt_lseek.o)
 .data          0x00000000000175f4        0x0 ../prj2_bsp//libhal_bsp.a(alt_malloc_lock.o)
 .data          0x00000000000175f4        0x0 ../prj2_bsp//libhal_bsp.a(alt_read.o)
 .data          0x00000000000175f4        0x0 ../prj2_bsp//libhal_bsp.a(alt_sbrk.o)
 .data          0x00000000000175f4        0x0 ../prj2_bsp//libhal_bsp.a(alt_write.o)
                0x000000000001f5f4                _gp = ABSOLUTE ((. + 0x8000))
                [!provide]                        PROVIDE (gp, _gp)
 *(.rwdata .rwdata.*)
 *(.sdata .sdata.* .gnu.linkonce.s.*)
 .sdata._global_impure_ptr
                0x00000000000175f4        0x4 /usr/local/3rdparty/altera/18.1/nios2eds/bin/gnu/H-x86_64-pc-linux-gnu/bin/../lib/gcc/nios2-elf/5.3.0/../../../../../H-x86_64-pc-linux-gnu/nios2-elf/lib/libc.a(lib_a-impure.o)
                0x00000000000175f4                _global_impure_ptr
 .sdata._impure_ptr
                0x00000000000175f8        0x4 /usr/local/3rdparty/altera/18.1/nios2eds/bin/gnu/H-x86_64-pc-linux-gnu/bin/../lib/gcc/nios2-elf/5.3.0/../../../../../H-x86_64-pc-linux-gnu/nios2-elf/lib/libc.a(lib_a-impure.o)
                0x00000000000175f8                _impure_ptr
 .sdata         0x00000000000175fc       0x14 ../prj2_bsp//libhal_bsp.a(alt_dev.o)
                0x00000000000175fc                alt_fs_list
                0x0000000000017604                alt_dev_list
                0x000000000001760c                alt_max_fd
 .sdata         0x0000000000017610        0x4 ../prj2_bsp//libhal_bsp.a(alt_errno.o)
                0x0000000000017610                alt_errno
 .sdata         0x0000000000017614        0x4 ../prj2_bsp//libhal_bsp.a(alt_irq_vars.o)
                0x0000000000017614                alt_priority_mask
 .sdata         0x0000000000017618        0x8 ../prj2_bsp//libhal_bsp.a(alt_tick.o)
                0x0000000000017618                alt_alarm_list
 .sdata.__malloc_sbrk_base
                0x0000000000017620        0x4 /usr/local/3rdparty/altera/18.1/nios2eds/bin/gnu/H-x86_64-pc-linux-gnu/bin/../lib/gcc/nios2-elf/5.3.0/../../../../../H-x86_64-pc-linux-gnu/nios2-elf/lib/libc.a(lib_a-mallocr.o)
                0x0000000000017620                __malloc_sbrk_base
 .sdata.__malloc_trim_threshold
                0x0000000000017624        0x4 /usr/local/3rdparty/altera/18.1/nios2eds/bin/gnu/H-x86_64-pc-linux-gnu/bin/../lib/gcc/nios2-elf/5.3.0/../../../../../H-x86_64-pc-linux-gnu/nios2-elf/lib/libc.a(lib_a-mallocr.o)
                0x0000000000017624                __malloc_trim_threshold
 .sdata         0x0000000000017628        0x4 ../prj2_bsp//libhal_bsp.a(alt_sbrk.o)
 *(.sdata2 .sdata2.* .gnu.linkonce.s2.*)
                0x000000000001762c                . = ALIGN (0x4)
                0x000000000001762c                _edata = ABSOLUTE (.)
                [!provide]                        PROVIDE (edata, ABSOLUTE (.))
                0x000000000001762c                PROVIDE (__ram_rwdata_end, ABSOLUTE (.))
                0x000000000001762c                PROVIDE (__flash_rwdata_start, LOADADDR (.rwdata))

.bss            0x0000000000019098      0x154
                0x0000000000019098                __bss_start = ABSOLUTE (.)
                [!provide]                        PROVIDE (__sbss_start, ABSOLUTE (.))
                [!provide]                        PROVIDE (___sbss_start, ABSOLUTE (.))
 *(.dynsbss)
 *(.sbss .sbss.* .gnu.linkonce.sb.*)
 .sbss          0x0000000000019098        0xc ../prj2_bsp//libhal_bsp.a(alt_main.o)
                0x0000000000019098                alt_argc
                0x000000000001909c                alt_argv
                0x00000000000190a0                alt_envp
 .sbss          0x00000000000190a4        0x4 ../prj2_bsp//libhal_bsp.a(alt_irq_vars.o)
                0x00000000000190a4                alt_irq_active
 .sbss          0x00000000000190a8        0x8 ../prj2_bsp//libhal_bsp.a(alt_tick.o)
                0x00000000000190a8                _alt_tick_rate
                0x00000000000190ac                _alt_nticks
 .sbss          0x00000000000190b0        0x4 ../prj2_bsp//libhal_bsp.a(alt_instruction_exception_entry.o)
                0x00000000000190b0                alt_instruction_exception_handler
 .sbss          0x00000000000190b4        0x4 /usr/local/3rdparty/altera/18.1/nios2eds/bin/gnu/H-x86_64-pc-linux-gnu/bin/../lib/gcc/nios2-elf/5.3.0/../../../../../H-x86_64-pc-linux-gnu/nios2-elf/lib/libc.a(lib_a-int_errno.o)
                0x00000000000190b4                errno
 .sbss.__malloc_max_total_mem
                0x00000000000190b8        0x4 /usr/local/3rdparty/altera/18.1/nios2eds/bin/gnu/H-x86_64-pc-linux-gnu/bin/../lib/gcc/nios2-elf/5.3.0/../../../../../H-x86_64-pc-linux-gnu/nios2-elf/lib/libc.a(lib_a-mallocr.o)
                0x00000000000190b8                __malloc_max_total_mem
 .sbss.__malloc_max_sbrked_mem
                0x00000000000190bc        0x4 /usr/local/3rdparty/altera/18.1/nios2eds/bin/gnu/H-x86_64-pc-linux-gnu/bin/../lib/gcc/nios2-elf/5.3.0/../../../../../H-x86_64-pc-linux-gnu/nios2-elf/lib/libc.a(lib_a-mallocr.o)
                0x00000000000190bc                __malloc_max_sbrked_mem
 .sbss.__malloc_top_pad
                0x00000000000190c0        0x4 /usr/local/3rdparty/altera/18.1/nios2eds/bin/gnu/H-x86_64-pc-linux-gnu/bin/../lib/gcc/nios2-elf/5.3.0/../../../../../H-x86_64-pc-linux-gnu/nios2-elf/lib/libc.a(lib_a-mallocr.o)
                0x00000000000190c0                __malloc_top_pad
 *(.sbss2 .sbss2.* .gnu.linkonce.sb2.*)
 *(.scommon)
                [!provide]                        PROVIDE (__sbss_end, ABSOLUTE (.))
                [!provide]                        PROVIDE (___sbss_end, ABSOLUTE (.))
 *(.dynbss)
 *(.bss .bss.* .gnu.linkonce.b.*)
 .bss           0x00000000000190c4        0x0 ../prj2_bsp//obj/HAL/src/crt0.o
 .bss           0x00000000000190c4        0x0 obj/default/prj2.o
 .bss           0x00000000000190c4        0x0 /usr/local/3rdparty/altera/18.1/nios2eds/bin/gnu/H-x86_64-pc-linux-gnu/bin/../lib/gcc/nios2-elf/5.3.0/../../../../../H-x86_64-pc-linux-gnu/nios2-elf/lib/libc.a(lib_a-rand.o)
 .bss           0x00000000000190c4        0x0 /usr/local/3rdparty/altera/18.1/nios2eds/bin/gnu/H-x86_64-pc-linux-gnu/bin/../lib/gcc/nios2-elf/5.3.0/../../../../../H-x86_64-pc-linux-gnu/nios2-elf/lib/libc.a(lib_a-impure.o)
 .bss           0x00000000000190c4        0x0 /usr/local/3rdparty/altera/18.1/nios2eds/bin/gnu/H-x86_64-pc-linux-gnu/bin/../lib/gcc/nios2-elf/5.3.0/libgcc.a(_muldi3.o)
 .bss           0x00000000000190c4        0x0 ../prj2_bsp//libhal_bsp.a(alt_load.o)
 .bss           0x00000000000190c4        0x0 ../prj2_bsp//libhal_bsp.a(alt_main.o)
 .bss           0x00000000000190c4        0x0 ../prj2_bsp//libhal_bsp.a(alt_putstr.o)
 .bss           0x00000000000190c4        0x0 ../prj2_bsp//libhal_bsp.a(alt_usleep.o)
 .bss           0x00000000000190c4        0x0 ../prj2_bsp//libhal_bsp.a(alt_sys_init.o)
 .bss           0x00000000000190c4        0x0 ../prj2_bsp//libhal_bsp.a(altera_avalon_jtag_uart_fd.o)
 .bss           0x00000000000190c4        0x0 ../prj2_bsp//libhal_bsp.a(altera_avalon_jtag_uart_init.o)
 .bss           0x00000000000190c4        0x0 ../prj2_bsp//libhal_bsp.a(altera_avalon_jtag_uart_ioctl.o)
 .bss           0x00000000000190c4        0x0 ../prj2_bsp//libhal_bsp.a(altera_avalon_jtag_uart_read.o)
 .bss           0x00000000000190c4        0x0 ../prj2_bsp//libhal_bsp.a(altera_avalon_jtag_uart_write.o)
 .bss           0x00000000000190c4        0x0 ../prj2_bsp//libhal_bsp.a(alt_alarm_start.o)
 .bss           0x00000000000190c4        0x0 ../prj2_bsp//libhal_bsp.a(alt_busy_sleep.o)
 .bss           0x00000000000190c4        0x0 ../prj2_bsp//libhal_bsp.a(alt_close.o)
 .bss           0x00000000000190c4        0x0 ../prj2_bsp//libhal_bsp.a(alt_dcache_flush_all.o)
 .bss           0x00000000000190c4        0x0 ../prj2_bsp//libhal_bsp.a(alt_dev.o)
 .bss           0x00000000000190c4        0x0 ../prj2_bsp//libhal_bsp.a(alt_dev_llist_insert.o)
 .bss           0x00000000000190c4        0x0 ../prj2_bsp//libhal_bsp.a(alt_do_ctors.o)
 .bss           0x00000000000190c4        0x0 ../prj2_bsp//libhal_bsp.a(alt_do_dtors.o)
 .bss           0x00000000000190c4        0x0 ../prj2_bsp//libhal_bsp.a(alt_errno.o)
 .bss           0x00000000000190c4        0x0 ../prj2_bsp//libhal_bsp.a(alt_icache_flush_all.o)
 .bss           0x00000000000190c4        0x0 ../prj2_bsp//libhal_bsp.a(alt_iic.o)
 .bss           0x00000000000190c4        0x0 ../prj2_bsp//libhal_bsp.a(alt_iic_isr_register.o)
 .bss           0x00000000000190c4        0x0 ../prj2_bsp//libhal_bsp.a(alt_io_redirect.o)
 .bss           0x00000000000190c4        0x0 ../prj2_bsp//libhal_bsp.a(alt_irq_entry.o)
 .bss           0x00000000000190c4        0x0 ../prj2_bsp//libhal_bsp.a(alt_irq_handler.o)
 .bss           0x00000000000190c4        0x0 ../prj2_bsp//libhal_bsp.a(alt_irq_vars.o)
 .bss           0x00000000000190c4        0x0 ../prj2_bsp//libhal_bsp.a(alt_open.o)
 .bss           0x00000000000190c4        0x0 ../prj2_bsp//libhal_bsp.a(alt_release_fd.o)
 .bss           0x00000000000190c4        0x0 ../prj2_bsp//libhal_bsp.a(alt_tick.o)
 .bss           0x00000000000190c4        0x0 ../prj2_bsp//libhal_bsp.a(altera_nios2_gen2_irq.o)
 .bss           0x00000000000190c4        0x0 ../prj2_bsp//libhal_bsp.a(alt_exception_entry.o)
 .bss           0x00000000000190c4        0x0 ../prj2_bsp//libhal_bsp.a(alt_find_dev.o)
 .bss           0x00000000000190c4        0x0 ../prj2_bsp//libhal_bsp.a(alt_find_file.o)
 .bss           0x00000000000190c4        0x0 ../prj2_bsp//libhal_bsp.a(alt_get_fd.o)
 .bss           0x00000000000190c4        0x0 ../prj2_bsp//libhal_bsp.a(alt_icache_flush.o)
 .bss           0x00000000000190c4        0x0 ../prj2_bsp//libhal_bsp.a(alt_instruction_exception_entry.o)
 .bss           0x00000000000190c4        0x0 /usr/local/3rdparty/altera/18.1/nios2eds/bin/gnu/H-x86_64-pc-linux-gnu/bin/../lib/gcc/nios2-elf/5.3.0/../../../../../H-x86_64-pc-linux-gnu/nios2-elf/lib/libc.a(lib_a-atexit.o)
 .bss           0x00000000000190c4        0x0 /usr/local/3rdparty/altera/18.1/nios2eds/bin/gnu/H-x86_64-pc-linux-gnu/bin/../lib/gcc/nios2-elf/5.3.0/../../../../../H-x86_64-pc-linux-gnu/nios2-elf/lib/libc.a(lib_a-exit.o)
 .bss           0x00000000000190c4        0x0 /usr/local/3rdparty/altera/18.1/nios2eds/bin/gnu/H-x86_64-pc-linux-gnu/bin/../lib/gcc/nios2-elf/5.3.0/../../../../../H-x86_64-pc-linux-gnu/nios2-elf/lib/libc.a(lib_a-fputs.o)
 .bss           0x00000000000190c4        0x0 /usr/local/3rdparty/altera/18.1/nios2eds/bin/gnu/H-x86_64-pc-linux-gnu/bin/../lib/gcc/nios2-elf/5.3.0/../../../../../H-x86_64-pc-linux-gnu/nios2-elf/lib/libc.a(lib_a-fvwrite.o)
 .bss           0x00000000000190c4        0x0 /usr/local/3rdparty/altera/18.1/nios2eds/bin/gnu/H-x86_64-pc-linux-gnu/bin/../lib/gcc/nios2-elf/5.3.0/../../../../../H-x86_64-pc-linux-gnu/nios2-elf/lib/libc.a(lib_a-int_errno.o)
 .bss           0x00000000000190c4        0x0 /usr/local/3rdparty/altera/18.1/nios2eds/bin/gnu/H-x86_64-pc-linux-gnu/bin/../lib/gcc/nios2-elf/5.3.0/../../../../../H-x86_64-pc-linux-gnu/nios2-elf/lib/libc.a(lib_a-mallocr.o)
 .bss.__malloc_current_mallinfo
                0x00000000000190c4       0x28 /usr/local/3rdparty/altera/18.1/nios2eds/bin/gnu/H-x86_64-pc-linux-gnu/bin/../lib/gcc/nios2-elf/5.3.0/../../../../../H-x86_64-pc-linux-gnu/nios2-elf/lib/libc.a(lib_a-mallocr.o)
                0x00000000000190c4                __malloc_current_mallinfo
 .bss           0x00000000000190ec        0x0 /usr/local/3rdparty/altera/18.1/nios2eds/bin/gnu/H-x86_64-pc-linux-gnu/bin/../lib/gcc/nios2-elf/5.3.0/../../../../../H-x86_64-pc-linux-gnu/nios2-elf/lib/libc.a(lib_a-memchr.o)
 .bss           0x00000000000190ec        0x0 /usr/local/3rdparty/altera/18.1/nios2eds/bin/gnu/H-x86_64-pc-linux-gnu/bin/../lib/gcc/nios2-elf/5.3.0/../../../../../H-x86_64-pc-linux-gnu/nios2-elf/lib/libc.a(lib_a-memcmp.o)
 .bss           0x00000000000190ec        0x0 /usr/local/3rdparty/altera/18.1/nios2eds/bin/gnu/H-x86_64-pc-linux-gnu/bin/../lib/gcc/nios2-elf/5.3.0/../../../../../H-x86_64-pc-linux-gnu/nios2-elf/lib/libc.a(lib_a-memcpy.o)
 .bss           0x00000000000190ec        0x0 /usr/local/3rdparty/altera/18.1/nios2eds/bin/gnu/H-x86_64-pc-linux-gnu/bin/../lib/gcc/nios2-elf/5.3.0/../../../../../H-x86_64-pc-linux-gnu/nios2-elf/lib/libc.a(lib_a-memmove.o)
 .bss           0x00000000000190ec        0x0 /usr/local/3rdparty/altera/18.1/nios2eds/bin/gnu/H-x86_64-pc-linux-gnu/bin/../lib/gcc/nios2-elf/5.3.0/../../../../../H-x86_64-pc-linux-gnu/nios2-elf/lib/libc.a(lib_a-reallocr.o)
 .bss           0x00000000000190ec        0x0 /usr/local/3rdparty/altera/18.1/nios2eds/bin/gnu/H-x86_64-pc-linux-gnu/bin/../lib/gcc/nios2-elf/5.3.0/../../../../../H-x86_64-pc-linux-gnu/nios2-elf/lib/libc.a(lib_a-sbrkr.o)
 .bss           0x00000000000190ec        0x0 /usr/local/3rdparty/altera/18.1/nios2eds/bin/gnu/H-x86_64-pc-linux-gnu/bin/../lib/gcc/nios2-elf/5.3.0/../../../../../H-x86_64-pc-linux-gnu/nios2-elf/lib/libc.a(lib_a-strlen.o)
 .bss           0x00000000000190ec        0x0 /usr/local/3rdparty/altera/18.1/nios2eds/bin/gnu/H-x86_64-pc-linux-gnu/bin/../lib/gcc/nios2-elf/5.3.0/../../../../../H-x86_64-pc-linux-gnu/nios2-elf/lib/libc.a(lib_a-wsetup.o)
 .bss           0x00000000000190ec        0x0 /usr/local/3rdparty/altera/18.1/nios2eds/bin/gnu/H-x86_64-pc-linux-gnu/bin/../lib/gcc/nios2-elf/5.3.0/../../../../../H-x86_64-pc-linux-gnu/nios2-elf/lib/libc.a(lib_a-__atexit.o)
 .bss           0x00000000000190ec        0x0 /usr/local/3rdparty/altera/18.1/nios2eds/bin/gnu/H-x86_64-pc-linux-gnu/bin/../lib/gcc/nios2-elf/5.3.0/../../../../../H-x86_64-pc-linux-gnu/nios2-elf/lib/libc.a(lib_a-__call_atexit.o)
 .bss           0x00000000000190ec        0x0 /usr/local/3rdparty/altera/18.1/nios2eds/bin/gnu/H-x86_64-pc-linux-gnu/bin/../lib/gcc/nios2-elf/5.3.0/../../../../../H-x86_64-pc-linux-gnu/nios2-elf/lib/libc.a(lib_a-fflush.o)
 .bss           0x00000000000190ec        0x0 /usr/local/3rdparty/altera/18.1/nios2eds/bin/gnu/H-x86_64-pc-linux-gnu/bin/../lib/gcc/nios2-elf/5.3.0/../../../../../H-x86_64-pc-linux-gnu/nios2-elf/lib/libc.a(lib_a-findfp.o)
 .bss           0x00000000000190ec        0x0 /usr/local/3rdparty/altera/18.1/nios2eds/bin/gnu/H-x86_64-pc-linux-gnu/bin/../lib/gcc/nios2-elf/5.3.0/../../../../../H-x86_64-pc-linux-gnu/nios2-elf/lib/libc.a(lib_a-freer.o)
 .bss           0x00000000000190ec        0x0 /usr/local/3rdparty/altera/18.1/nios2eds/bin/gnu/H-x86_64-pc-linux-gnu/bin/../lib/gcc/nios2-elf/5.3.0/../../../../../H-x86_64-pc-linux-gnu/nios2-elf/lib/libc.a(lib_a-fwalk.o)
 .bss           0x00000000000190ec        0x0 /usr/local/3rdparty/altera/18.1/nios2eds/bin/gnu/H-x86_64-pc-linux-gnu/bin/../lib/gcc/nios2-elf/5.3.0/../../../../../H-x86_64-pc-linux-gnu/nios2-elf/lib/libc.a(lib_a-makebuf.o)
 .bss           0x00000000000190ec        0x0 /usr/local/3rdparty/altera/18.1/nios2eds/bin/gnu/H-x86_64-pc-linux-gnu/bin/../lib/gcc/nios2-elf/5.3.0/../../../../../H-x86_64-pc-linux-gnu/nios2-elf/lib/libc.a(lib_a-memset.o)
 .bss           0x00000000000190ec        0x0 /usr/local/3rdparty/altera/18.1/nios2eds/bin/gnu/H-x86_64-pc-linux-gnu/bin/../lib/gcc/nios2-elf/5.3.0/../../../../../H-x86_64-pc-linux-gnu/nios2-elf/lib/libc.a(lib_a-stdio.o)
 .bss           0x00000000000190ec        0x0 /usr/local/3rdparty/altera/18.1/nios2eds/bin/gnu/H-x86_64-pc-linux-gnu/bin/../lib/gcc/nios2-elf/5.3.0/../../../../../H-x86_64-pc-linux-gnu/nios2-elf/lib/libc.a(lib_a-writer.o)
 .bss           0x00000000000190ec        0x0 /usr/local/3rdparty/altera/18.1/nios2eds/bin/gnu/H-x86_64-pc-linux-gnu/bin/../lib/gcc/nios2-elf/5.3.0/../../../../../H-x86_64-pc-linux-gnu/nios2-elf/lib/libc.a(closer.o)
 .bss           0x00000000000190ec        0x0 /usr/local/3rdparty/altera/18.1/nios2eds/bin/gnu/H-x86_64-pc-linux-gnu/bin/../lib/gcc/nios2-elf/5.3.0/../../../../../H-x86_64-pc-linux-gnu/nios2-elf/lib/libc.a(lib_a-fclose.o)
 .bss           0x00000000000190ec        0x0 /usr/local/3rdparty/altera/18.1/nios2eds/bin/gnu/H-x86_64-pc-linux-gnu/bin/../lib/gcc/nios2-elf/5.3.0/../../../../../H-x86_64-pc-linux-gnu/nios2-elf/lib/libc.a(lib_a-fstatr.o)
 .bss           0x00000000000190ec        0x0 /usr/local/3rdparty/altera/18.1/nios2eds/bin/gnu/H-x86_64-pc-linux-gnu/bin/../lib/gcc/nios2-elf/5.3.0/../../../../../H-x86_64-pc-linux-gnu/nios2-elf/lib/libc.a(lib_a-isattyr.o)
 .bss           0x00000000000190ec        0x0 /usr/local/3rdparty/altera/18.1/nios2eds/bin/gnu/H-x86_64-pc-linux-gnu/bin/../lib/gcc/nios2-elf/5.3.0/../../../../../H-x86_64-pc-linux-gnu/nios2-elf/lib/libc.a(lib_a-lseekr.o)
 .bss           0x00000000000190ec        0x0 /usr/local/3rdparty/altera/18.1/nios2eds/bin/gnu/H-x86_64-pc-linux-gnu/bin/../lib/gcc/nios2-elf/5.3.0/../../../../../H-x86_64-pc-linux-gnu/nios2-elf/lib/libc.a(lib_a-readr.o)
 .bss           0x00000000000190ec        0x0 /usr/local/3rdparty/altera/18.1/nios2eds/bin/gnu/H-x86_64-pc-linux-gnu/bin/../lib/gcc/nios2-elf/5.3.0/libgcc.a(lib2-divmod.o)
 .bss           0x00000000000190ec        0x0 ../prj2_bsp//libhal_bsp.a(alt_exit.o)
 .bss           0x00000000000190ec        0x0 ../prj2_bsp//libhal_bsp.a(alt_fstat.o)
 .bss           0x00000000000190ec        0x0 ../prj2_bsp//libhal_bsp.a(alt_isatty.o)
 .bss           0x00000000000190ec        0x0 ../prj2_bsp//libhal_bsp.a(alt_lseek.o)
 .bss           0x00000000000190ec        0x0 ../prj2_bsp//libhal_bsp.a(alt_malloc_lock.o)
 .bss           0x00000000000190ec        0x0 ../prj2_bsp//libhal_bsp.a(alt_read.o)
 .bss           0x00000000000190ec        0x0 ../prj2_bsp//libhal_bsp.a(alt_sbrk.o)
 .bss           0x00000000000190ec        0x0 ../prj2_bsp//libhal_bsp.a(alt_write.o)
 *(COMMON)
 COMMON         0x00000000000190ec      0x100 ../prj2_bsp//libhal_bsp.a(alt_irq_handler.o)
                0x00000000000190ec                alt_irq
                0x00000000000191ec                . = ALIGN (0x4)
                0x00000000000191ec                __bss_end = ABSOLUTE (.)

.onchip_memory2_0
                0x00000000000191ec        0x0
                [!provide]                        PROVIDE (_alt_partition_onchip_memory2_0_start, ABSOLUTE (.))
 *(.onchip_memory2_0 .onchip_memory2_0. onchip_memory2_0.*)
                0x00000000000191ec                . = ALIGN (0x4)
                [!provide]                        PROVIDE (_alt_partition_onchip_memory2_0_end, ABSOLUTE (.))
                0x00000000000191ec                _end = ABSOLUTE (.)
                0x00000000000191ec                end = ABSOLUTE (.)
                0x00000000000191ec                __alt_stack_base = ABSOLUTE (.)
                [!provide]                        PROVIDE (_alt_partition_onchip_memory2_0_load_addr, LOADADDR (.onchip_memory2_0))

.stab
 *(.stab)

.stabstr
 *(.stabstr)

.stab.excl
 *(.stab.excl)

.stab.exclstr
 *(.stab.exclstr)

.stab.index
 *(.stab.index)

.stab.indexstr
 *(.stab.indexstr)

.comment        0x0000000000000000       0x23
 *(.comment)
 .comment       0x0000000000000000       0x23 obj/default/prj2.o
                                         0x24 (size before relaxing)
 .comment       0x0000000000000023       0x24 /usr/local/3rdparty/altera/18.1/nios2eds/bin/gnu/H-x86_64-pc-linux-gnu/bin/../lib/gcc/nios2-elf/5.3.0/../../../../../H-x86_64-pc-linux-gnu/nios2-elf/lib/libc.a(lib_a-rand.o)
 .comment       0x0000000000000023       0x24 /usr/local/3rdparty/altera/18.1/nios2eds/bin/gnu/H-x86_64-pc-linux-gnu/bin/../lib/gcc/nios2-elf/5.3.0/../../../../../H-x86_64-pc-linux-gnu/nios2-elf/lib/libc.a(lib_a-impure.o)
 .comment       0x0000000000000023       0x24 /usr/local/3rdparty/altera/18.1/nios2eds/bin/gnu/H-x86_64-pc-linux-gnu/bin/../lib/gcc/nios2-elf/5.3.0/libgcc.a(_muldi3.o)
 .comment       0x0000000000000023       0x24 ../prj2_bsp//libhal_bsp.a(alt_load.o)
 .comment       0x0000000000000023       0x24 ../prj2_bsp//libhal_bsp.a(alt_main.o)
 .comment       0x0000000000000023       0x24 ../prj2_bsp//libhal_bsp.a(alt_putstr.o)
 .comment       0x0000000000000023       0x24 ../prj2_bsp//libhal_bsp.a(alt_usleep.o)
 .comment       0x0000000000000023       0x24 ../prj2_bsp//libhal_bsp.a(alt_sys_init.o)
 .comment       0x0000000000000023       0x24 ../prj2_bsp//libhal_bsp.a(altera_avalon_jtag_uart_fd.o)
 .comment       0x0000000000000023       0x24 ../prj2_bsp//libhal_bsp.a(altera_avalon_jtag_uart_init.o)
 .comment       0x0000000000000023       0x24 ../prj2_bsp//libhal_bsp.a(altera_avalon_jtag_uart_ioctl.o)
 .comment       0x0000000000000023       0x24 ../prj2_bsp//libhal_bsp.a(altera_avalon_jtag_uart_read.o)
 .comment       0x0000000000000023       0x24 ../prj2_bsp//libhal_bsp.a(altera_avalon_jtag_uart_write.o)
 .comment       0x0000000000000023       0x24 ../prj2_bsp//libhal_bsp.a(alt_alarm_start.o)
 .comment       0x0000000000000023       0x24 ../prj2_bsp//libhal_bsp.a(alt_busy_sleep.o)
 .comment       0x0000000000000023       0x24 ../prj2_bsp//libhal_bsp.a(alt_close.o)
 .comment       0x0000000000000023       0x24 ../prj2_bsp//libhal_bsp.a(alt_dcache_flush_all.o)
 .comment       0x0000000000000023       0x24 ../prj2_bsp//libhal_bsp.a(alt_dev.o)
 .comment       0x0000000000000023       0x24 ../prj2_bsp//libhal_bsp.a(alt_dev_llist_insert.o)
 .comment       0x0000000000000023       0x24 ../prj2_bsp//libhal_bsp.a(alt_do_ctors.o)
 .comment       0x0000000000000023       0x24 ../prj2_bsp//libhal_bsp.a(alt_do_dtors.o)
 .comment       0x0000000000000023       0x24 ../prj2_bsp//libhal_bsp.a(alt_errno.o)
 .comment       0x0000000000000023       0x24 ../prj2_bsp//libhal_bsp.a(alt_icache_flush_all.o)
 .comment       0x0000000000000023       0x24 ../prj2_bsp//libhal_bsp.a(alt_iic.o)
 .comment       0x0000000000000023       0x24 ../prj2_bsp//libhal_bsp.a(alt_iic_isr_register.o)
 .comment       0x0000000000000023       0x24 ../prj2_bsp//libhal_bsp.a(alt_io_redirect.o)
 .comment       0x0000000000000023       0x24 ../prj2_bsp//libhal_bsp.a(alt_irq_handler.o)
 .comment       0x0000000000000023       0x24 ../prj2_bsp//libhal_bsp.a(alt_irq_vars.o)
 .comment       0x0000000000000023       0x24 ../prj2_bsp//libhal_bsp.a(alt_open.o)
 .comment       0x0000000000000023       0x24 ../prj2_bsp//libhal_bsp.a(alt_release_fd.o)
 .comment       0x0000000000000023       0x24 ../prj2_bsp//libhal_bsp.a(alt_tick.o)
 .comment       0x0000000000000023       0x24 ../prj2_bsp//libhal_bsp.a(altera_nios2_gen2_irq.o)
 .comment       0x0000000000000023       0x24 ../prj2_bsp//libhal_bsp.a(alt_find_dev.o)
 .comment       0x0000000000000023       0x24 ../prj2_bsp//libhal_bsp.a(alt_find_file.o)
 .comment       0x0000000000000023       0x24 ../prj2_bsp//libhal_bsp.a(alt_get_fd.o)
 .comment       0x0000000000000023       0x24 ../prj2_bsp//libhal_bsp.a(alt_icache_flush.o)
 .comment       0x0000000000000023       0x24 ../prj2_bsp//libhal_bsp.a(alt_instruction_exception_entry.o)
 .comment       0x0000000000000023       0x24 /usr/local/3rdparty/altera/18.1/nios2eds/bin/gnu/H-x86_64-pc-linux-gnu/bin/../lib/gcc/nios2-elf/5.3.0/../../../../../H-x86_64-pc-linux-gnu/nios2-elf/lib/libc.a(lib_a-atexit.o)
 .comment       0x0000000000000023       0x24 /usr/local/3rdparty/altera/18.1/nios2eds/bin/gnu/H-x86_64-pc-linux-gnu/bin/../lib/gcc/nios2-elf/5.3.0/../../../../../H-x86_64-pc-linux-gnu/nios2-elf/lib/libc.a(lib_a-exit.o)
 .comment       0x0000000000000023       0x24 /usr/local/3rdparty/altera/18.1/nios2eds/bin/gnu/H-x86_64-pc-linux-gnu/bin/../lib/gcc/nios2-elf/5.3.0/../../../../../H-x86_64-pc-linux-gnu/nios2-elf/lib/libc.a(lib_a-fputs.o)
 .comment       0x0000000000000023       0x24 /usr/local/3rdparty/altera/18.1/nios2eds/bin/gnu/H-x86_64-pc-linux-gnu/bin/../lib/gcc/nios2-elf/5.3.0/../../../../../H-x86_64-pc-linux-gnu/nios2-elf/lib/libc.a(lib_a-fvwrite.o)
 .comment       0x0000000000000023       0x24 /usr/local/3rdparty/altera/18.1/nios2eds/bin/gnu/H-x86_64-pc-linux-gnu/bin/../lib/gcc/nios2-elf/5.3.0/../../../../../H-x86_64-pc-linux-gnu/nios2-elf/lib/libc.a(lib_a-int_errno.o)
 .comment       0x0000000000000023       0x24 /usr/local/3rdparty/altera/18.1/nios2eds/bin/gnu/H-x86_64-pc-linux-gnu/bin/../lib/gcc/nios2-elf/5.3.0/../../../../../H-x86_64-pc-linux-gnu/nios2-elf/lib/libc.a(lib_a-mallocr.o)
 .comment       0x0000000000000023       0x24 /usr/local/3rdparty/altera/18.1/nios2eds/bin/gnu/H-x86_64-pc-linux-gnu/bin/../lib/gcc/nios2-elf/5.3.0/../../../../../H-x86_64-pc-linux-gnu/nios2-elf/lib/libc.a(lib_a-memchr.o)
 .comment       0x0000000000000023       0x24 /usr/local/3rdparty/altera/18.1/nios2eds/bin/gnu/H-x86_64-pc-linux-gnu/bin/../lib/gcc/nios2-elf/5.3.0/../../../../../H-x86_64-pc-linux-gnu/nios2-elf/lib/libc.a(lib_a-memcmp.o)
 .comment       0x0000000000000023       0x24 /usr/local/3rdparty/altera/18.1/nios2eds/bin/gnu/H-x86_64-pc-linux-gnu/bin/../lib/gcc/nios2-elf/5.3.0/../../../../../H-x86_64-pc-linux-gnu/nios2-elf/lib/libc.a(lib_a-memcpy.o)
 .comment       0x0000000000000023       0x24 /usr/local/3rdparty/altera/18.1/nios2eds/bin/gnu/H-x86_64-pc-linux-gnu/bin/../lib/gcc/nios2-elf/5.3.0/../../../../../H-x86_64-pc-linux-gnu/nios2-elf/lib/libc.a(lib_a-memmove.o)
 .comment       0x0000000000000023       0x24 /usr/local/3rdparty/altera/18.1/nios2eds/bin/gnu/H-x86_64-pc-linux-gnu/bin/../lib/gcc/nios2-elf/5.3.0/../../../../../H-x86_64-pc-linux-gnu/nios2-elf/lib/libc.a(lib_a-reallocr.o)
 .comment       0x0000000000000023       0x24 /usr/local/3rdparty/altera/18.1/nios2eds/bin/gnu/H-x86_64-pc-linux-gnu/bin/../lib/gcc/nios2-elf/5.3.0/../../../../../H-x86_64-pc-linux-gnu/nios2-elf/lib/libc.a(lib_a-sbrkr.o)
 .comment       0x0000000000000023       0x24 /usr/local/3rdparty/altera/18.1/nios2eds/bin/gnu/H-x86_64-pc-linux-gnu/bin/../lib/gcc/nios2-elf/5.3.0/../../../../../H-x86_64-pc-linux-gnu/nios2-elf/lib/libc.a(lib_a-strlen.o)
 .comment       0x0000000000000023       0x24 /usr/local/3rdparty/altera/18.1/nios2eds/bin/gnu/H-x86_64-pc-linux-gnu/bin/../lib/gcc/nios2-elf/5.3.0/../../../../../H-x86_64-pc-linux-gnu/nios2-elf/lib/libc.a(lib_a-wsetup.o)
 .comment       0x0000000000000023       0x24 /usr/local/3rdparty/altera/18.1/nios2eds/bin/gnu/H-x86_64-pc-linux-gnu/bin/../lib/gcc/nios2-elf/5.3.0/../../../../../H-x86_64-pc-linux-gnu/nios2-elf/lib/libc.a(lib_a-__atexit.o)
 .comment       0x0000000000000023       0x24 /usr/local/3rdparty/altera/18.1/nios2eds/bin/gnu/H-x86_64-pc-linux-gnu/bin/../lib/gcc/nios2-elf/5.3.0/../../../../../H-x86_64-pc-linux-gnu/nios2-elf/lib/libc.a(lib_a-__call_atexit.o)
 .comment       0x0000000000000023       0x24 /usr/local/3rdparty/altera/18.1/nios2eds/bin/gnu/H-x86_64-pc-linux-gnu/bin/../lib/gcc/nios2-elf/5.3.0/../../../../../H-x86_64-pc-linux-gnu/nios2-elf/lib/libc.a(lib_a-fflush.o)
 .comment       0x0000000000000023       0x24 /usr/local/3rdparty/altera/18.1/nios2eds/bin/gnu/H-x86_64-pc-linux-gnu/bin/../lib/gcc/nios2-elf/5.3.0/../../../../../H-x86_64-pc-linux-gnu/nios2-elf/lib/libc.a(lib_a-findfp.o)
 .comment       0x0000000000000023       0x24 /usr/local/3rdparty/altera/18.1/nios2eds/bin/gnu/H-x86_64-pc-linux-gnu/bin/../lib/gcc/nios2-elf/5.3.0/../../../../../H-x86_64-pc-linux-gnu/nios2-elf/lib/libc.a(lib_a-freer.o)
 .comment       0x0000000000000023       0x24 /usr/local/3rdparty/altera/18.1/nios2eds/bin/gnu/H-x86_64-pc-linux-gnu/bin/../lib/gcc/nios2-elf/5.3.0/../../../../../H-x86_64-pc-linux-gnu/nios2-elf/lib/libc.a(lib_a-fwalk.o)
 .comment       0x0000000000000023       0x24 /usr/local/3rdparty/altera/18.1/nios2eds/bin/gnu/H-x86_64-pc-linux-gnu/bin/../lib/gcc/nios2-elf/5.3.0/../../../../../H-x86_64-pc-linux-gnu/nios2-elf/lib/libc.a(lib_a-makebuf.o)
 .comment       0x0000000000000023       0x24 /usr/local/3rdparty/altera/18.1/nios2eds/bin/gnu/H-x86_64-pc-linux-gnu/bin/../lib/gcc/nios2-elf/5.3.0/../../../../../H-x86_64-pc-linux-gnu/nios2-elf/lib/libc.a(lib_a-memset.o)
 .comment       0x0000000000000023       0x24 /usr/local/3rdparty/altera/18.1/nios2eds/bin/gnu/H-x86_64-pc-linux-gnu/bin/../lib/gcc/nios2-elf/5.3.0/../../../../../H-x86_64-pc-linux-gnu/nios2-elf/lib/libc.a(lib_a-stdio.o)
 .comment       0x0000000000000023       0x24 /usr/local/3rdparty/altera/18.1/nios2eds/bin/gnu/H-x86_64-pc-linux-gnu/bin/../lib/gcc/nios2-elf/5.3.0/../../../../../H-x86_64-pc-linux-gnu/nios2-elf/lib/libc.a(lib_a-writer.o)
 .comment       0x0000000000000023       0x24 /usr/local/3rdparty/altera/18.1/nios2eds/bin/gnu/H-x86_64-pc-linux-gnu/bin/../lib/gcc/nios2-elf/5.3.0/../../../../../H-x86_64-pc-linux-gnu/nios2-elf/lib/libc.a(closer.o)
 .comment       0x0000000000000023       0x24 /usr/local/3rdparty/altera/18.1/nios2eds/bin/gnu/H-x86_64-pc-linux-gnu/bin/../lib/gcc/nios2-elf/5.3.0/../../../../../H-x86_64-pc-linux-gnu/nios2-elf/lib/libc.a(lib_a-fclose.o)
 .comment       0x0000000000000023       0x24 /usr/local/3rdparty/altera/18.1/nios2eds/bin/gnu/H-x86_64-pc-linux-gnu/bin/../lib/gcc/nios2-elf/5.3.0/../../../../../H-x86_64-pc-linux-gnu/nios2-elf/lib/libc.a(lib_a-fstatr.o)
 .comment       0x0000000000000023       0x24 /usr/local/3rdparty/altera/18.1/nios2eds/bin/gnu/H-x86_64-pc-linux-gnu/bin/../lib/gcc/nios2-elf/5.3.0/../../../../../H-x86_64-pc-linux-gnu/nios2-elf/lib/libc.a(lib_a-isattyr.o)
 .comment       0x0000000000000023       0x24 /usr/local/3rdparty/altera/18.1/nios2eds/bin/gnu/H-x86_64-pc-linux-gnu/bin/../lib/gcc/nios2-elf/5.3.0/../../../../../H-x86_64-pc-linux-gnu/nios2-elf/lib/libc.a(lib_a-lseekr.o)
 .comment       0x0000000000000023       0x24 /usr/local/3rdparty/altera/18.1/nios2eds/bin/gnu/H-x86_64-pc-linux-gnu/bin/../lib/gcc/nios2-elf/5.3.0/../../../../../H-x86_64-pc-linux-gnu/nios2-elf/lib/libc.a(lib_a-readr.o)
 .comment       0x0000000000000023       0x24 /usr/local/3rdparty/altera/18.1/nios2eds/bin/gnu/H-x86_64-pc-linux-gnu/bin/../lib/gcc/nios2-elf/5.3.0/libgcc.a(lib2-divmod.o)
 .comment       0x0000000000000023       0x24 ../prj2_bsp//libhal_bsp.a(alt_exit.o)
 .comment       0x0000000000000023       0x24 ../prj2_bsp//libhal_bsp.a(alt_fstat.o)
 .comment       0x0000000000000023       0x24 ../prj2_bsp//libhal_bsp.a(alt_isatty.o)
 .comment       0x0000000000000023       0x24 ../prj2_bsp//libhal_bsp.a(alt_lseek.o)
 .comment       0x0000000000000023       0x24 ../prj2_bsp//libhal_bsp.a(alt_malloc_lock.o)
 .comment       0x0000000000000023       0x24 ../prj2_bsp//libhal_bsp.a(alt_read.o)
 .comment       0x0000000000000023       0x24 ../prj2_bsp//libhal_bsp.a(alt_sbrk.o)
 .comment       0x0000000000000023       0x24 ../prj2_bsp//libhal_bsp.a(alt_write.o)

.debug
 *(.debug)

.line
 *(.line)

.debug_srcinfo
 *(.debug_srcinfo)

.debug_sfnames
 *(.debug_sfnames)

.debug_aranges  0x0000000000000000      0xab8
 *(.debug_aranges)
 .debug_aranges
                0x0000000000000000       0x28 ../prj2_bsp//obj/HAL/src/crt0.o
 .debug_aranges
                0x0000000000000028       0x20 obj/default/prj2.o
 .debug_aranges
                0x0000000000000048       0x28 /usr/local/3rdparty/altera/18.1/nios2eds/bin/gnu/H-x86_64-pc-linux-gnu/bin/../lib/gcc/nios2-elf/5.3.0/../../../../../H-x86_64-pc-linux-gnu/nios2-elf/lib/libc.a(lib_a-rand.o)
 .debug_aranges
                0x0000000000000070       0x18 /usr/local/3rdparty/altera/18.1/nios2eds/bin/gnu/H-x86_64-pc-linux-gnu/bin/../lib/gcc/nios2-elf/5.3.0/../../../../../H-x86_64-pc-linux-gnu/nios2-elf/lib/libc.a(lib_a-impure.o)
 .debug_aranges
                0x0000000000000088       0x20 /usr/local/3rdparty/altera/18.1/nios2eds/bin/gnu/H-x86_64-pc-linux-gnu/bin/../lib/gcc/nios2-elf/5.3.0/libgcc.a(_muldi3.o)
 .debug_aranges
                0x00000000000000a8       0x20 ../prj2_bsp//libhal_bsp.a(alt_load.o)
 .debug_aranges
                0x00000000000000c8       0x20 ../prj2_bsp//libhal_bsp.a(alt_main.o)
 .debug_aranges
                0x00000000000000e8       0x20 ../prj2_bsp//libhal_bsp.a(alt_putstr.o)
 .debug_aranges
                0x0000000000000108       0x20 ../prj2_bsp//libhal_bsp.a(alt_usleep.o)
 .debug_aranges
                0x0000000000000128       0x20 ../prj2_bsp//libhal_bsp.a(alt_sys_init.o)
 .debug_aranges
                0x0000000000000148       0x20 ../prj2_bsp//libhal_bsp.a(altera_avalon_jtag_uart_fd.o)
 .debug_aranges
                0x0000000000000168       0x20 ../prj2_bsp//libhal_bsp.a(altera_avalon_jtag_uart_init.o)
 .debug_aranges
                0x0000000000000188       0x20 ../prj2_bsp//libhal_bsp.a(altera_avalon_jtag_uart_ioctl.o)
 .debug_aranges
                0x00000000000001a8       0x20 ../prj2_bsp//libhal_bsp.a(altera_avalon_jtag_uart_read.o)
 .debug_aranges
                0x00000000000001c8       0x20 ../prj2_bsp//libhal_bsp.a(altera_avalon_jtag_uart_write.o)
 .debug_aranges
                0x00000000000001e8       0x20 ../prj2_bsp//libhal_bsp.a(alt_alarm_start.o)
 .debug_aranges
                0x0000000000000208       0x20 ../prj2_bsp//libhal_bsp.a(alt_busy_sleep.o)
 .debug_aranges
                0x0000000000000228       0x20 ../prj2_bsp//libhal_bsp.a(alt_close.o)
 .debug_aranges
                0x0000000000000248       0x20 ../prj2_bsp//libhal_bsp.a(alt_dcache_flush_all.o)
 .debug_aranges
                0x0000000000000268       0x20 ../prj2_bsp//libhal_bsp.a(alt_dev.o)
 .debug_aranges
                0x0000000000000288       0x20 ../prj2_bsp//libhal_bsp.a(alt_dev_llist_insert.o)
 .debug_aranges
                0x00000000000002a8       0x20 ../prj2_bsp//libhal_bsp.a(alt_do_ctors.o)
 .debug_aranges
                0x00000000000002c8       0x20 ../prj2_bsp//libhal_bsp.a(alt_do_dtors.o)
 .debug_aranges
                0x00000000000002e8       0x18 ../prj2_bsp//libhal_bsp.a(alt_errno.o)
 .debug_aranges
                0x0000000000000300       0x20 ../prj2_bsp//libhal_bsp.a(alt_icache_flush_all.o)
 .debug_aranges
                0x0000000000000320       0x20 ../prj2_bsp//libhal_bsp.a(alt_iic.o)
 .debug_aranges
                0x0000000000000340       0x20 ../prj2_bsp//libhal_bsp.a(alt_iic_isr_register.o)
 .debug_aranges
                0x0000000000000360       0x20 ../prj2_bsp//libhal_bsp.a(alt_io_redirect.o)
 .debug_aranges
                0x0000000000000380       0x30 ../prj2_bsp//libhal_bsp.a(alt_irq_entry.o)
 .debug_aranges
                0x00000000000003b0       0x20 ../prj2_bsp//libhal_bsp.a(alt_irq_handler.o)
 .debug_aranges
                0x00000000000003d0       0x18 ../prj2_bsp//libhal_bsp.a(alt_irq_vars.o)
 .debug_aranges
                0x00000000000003e8       0x20 ../prj2_bsp//libhal_bsp.a(alt_open.o)
 .debug_aranges
                0x0000000000000408       0x20 ../prj2_bsp//libhal_bsp.a(alt_release_fd.o)
 .debug_aranges
                0x0000000000000428       0x20 ../prj2_bsp//libhal_bsp.a(alt_tick.o)
 .debug_aranges
                0x0000000000000448       0x20 ../prj2_bsp//libhal_bsp.a(altera_nios2_gen2_irq.o)
 .debug_aranges
                0x0000000000000468       0x38 ../prj2_bsp//libhal_bsp.a(alt_exception_entry.o)
 .debug_aranges
                0x00000000000004a0       0x20 ../prj2_bsp//libhal_bsp.a(alt_find_dev.o)
 .debug_aranges
                0x00000000000004c0       0x20 ../prj2_bsp//libhal_bsp.a(alt_find_file.o)
 .debug_aranges
                0x00000000000004e0       0x20 ../prj2_bsp//libhal_bsp.a(alt_get_fd.o)
 .debug_aranges
                0x0000000000000500       0x20 ../prj2_bsp//libhal_bsp.a(alt_icache_flush.o)
 .debug_aranges
                0x0000000000000520       0x28 ../prj2_bsp//libhal_bsp.a(alt_instruction_exception_entry.o)
 .debug_aranges
                0x0000000000000548       0x20 /usr/local/3rdparty/altera/18.1/nios2eds/bin/gnu/H-x86_64-pc-linux-gnu/bin/../lib/gcc/nios2-elf/5.3.0/../../../../../H-x86_64-pc-linux-gnu/nios2-elf/lib/libc.a(lib_a-atexit.o)
 .debug_aranges
                0x0000000000000568       0x20 /usr/local/3rdparty/altera/18.1/nios2eds/bin/gnu/H-x86_64-pc-linux-gnu/bin/../lib/gcc/nios2-elf/5.3.0/../../../../../H-x86_64-pc-linux-gnu/nios2-elf/lib/libc.a(lib_a-exit.o)
 .debug_aranges
                0x0000000000000588       0x28 /usr/local/3rdparty/altera/18.1/nios2eds/bin/gnu/H-x86_64-pc-linux-gnu/bin/../lib/gcc/nios2-elf/5.3.0/../../../../../H-x86_64-pc-linux-gnu/nios2-elf/lib/libc.a(lib_a-fputs.o)
 .debug_aranges
                0x00000000000005b0       0x20 /usr/local/3rdparty/altera/18.1/nios2eds/bin/gnu/H-x86_64-pc-linux-gnu/bin/../lib/gcc/nios2-elf/5.3.0/../../../../../H-x86_64-pc-linux-gnu/nios2-elf/lib/libc.a(lib_a-fvwrite.o)
 .debug_aranges
                0x00000000000005d0       0x18 /usr/local/3rdparty/altera/18.1/nios2eds/bin/gnu/H-x86_64-pc-linux-gnu/bin/../lib/gcc/nios2-elf/5.3.0/../../../../../H-x86_64-pc-linux-gnu/nios2-elf/lib/libc.a(lib_a-int_errno.o)
 .debug_aranges
                0x00000000000005e8       0x20 /usr/local/3rdparty/altera/18.1/nios2eds/bin/gnu/H-x86_64-pc-linux-gnu/bin/../lib/gcc/nios2-elf/5.3.0/../../../../../H-x86_64-pc-linux-gnu/nios2-elf/lib/libc.a(lib_a-mallocr.o)
 .debug_aranges
                0x0000000000000608       0x20 /usr/local/3rdparty/altera/18.1/nios2eds/bin/gnu/H-x86_64-pc-linux-gnu/bin/../lib/gcc/nios2-elf/5.3.0/../../../../../H-x86_64-pc-linux-gnu/nios2-elf/lib/libc.a(lib_a-memchr.o)
 .debug_aranges
                0x0000000000000628       0x20 /usr/local/3rdparty/altera/18.1/nios2eds/bin/gnu/H-x86_64-pc-linux-gnu/bin/../lib/gcc/nios2-elf/5.3.0/../../../../../H-x86_64-pc-linux-gnu/nios2-elf/lib/libc.a(lib_a-memcmp.o)
 .debug_aranges
                0x0000000000000648       0x20 /usr/local/3rdparty/altera/18.1/nios2eds/bin/gnu/H-x86_64-pc-linux-gnu/bin/../lib/gcc/nios2-elf/5.3.0/../../../../../H-x86_64-pc-linux-gnu/nios2-elf/lib/libc.a(lib_a-memcpy.o)
 .debug_aranges
                0x0000000000000668       0x20 /usr/local/3rdparty/altera/18.1/nios2eds/bin/gnu/H-x86_64-pc-linux-gnu/bin/../lib/gcc/nios2-elf/5.3.0/../../../../../H-x86_64-pc-linux-gnu/nios2-elf/lib/libc.a(lib_a-memmove.o)
 .debug_aranges
                0x0000000000000688       0x20 /usr/local/3rdparty/altera/18.1/nios2eds/bin/gnu/H-x86_64-pc-linux-gnu/bin/../lib/gcc/nios2-elf/5.3.0/../../../../../H-x86_64-pc-linux-gnu/nios2-elf/lib/libc.a(lib_a-reallocr.o)
 .debug_aranges
                0x00000000000006a8       0x20 /usr/local/3rdparty/altera/18.1/nios2eds/bin/gnu/H-x86_64-pc-linux-gnu/bin/../lib/gcc/nios2-elf/5.3.0/../../../../../H-x86_64-pc-linux-gnu/nios2-elf/lib/libc.a(lib_a-sbrkr.o)
 .debug_aranges
                0x00000000000006c8       0x20 /usr/local/3rdparty/altera/18.1/nios2eds/bin/gnu/H-x86_64-pc-linux-gnu/bin/../lib/gcc/nios2-elf/5.3.0/../../../../../H-x86_64-pc-linux-gnu/nios2-elf/lib/libc.a(lib_a-strlen.o)
 .debug_aranges
                0x00000000000006e8       0x20 /usr/local/3rdparty/altera/18.1/nios2eds/bin/gnu/H-x86_64-pc-linux-gnu/bin/../lib/gcc/nios2-elf/5.3.0/../../../../../H-x86_64-pc-linux-gnu/nios2-elf/lib/libc.a(lib_a-wsetup.o)
 .debug_aranges
                0x0000000000000708       0x20 /usr/local/3rdparty/altera/18.1/nios2eds/bin/gnu/H-x86_64-pc-linux-gnu/bin/../lib/gcc/nios2-elf/5.3.0/../../../../../H-x86_64-pc-linux-gnu/nios2-elf/lib/libc.a(lib_a-__atexit.o)
 .debug_aranges
                0x0000000000000728       0x20 /usr/local/3rdparty/altera/18.1/nios2eds/bin/gnu/H-x86_64-pc-linux-gnu/bin/../lib/gcc/nios2-elf/5.3.0/../../../../../H-x86_64-pc-linux-gnu/nios2-elf/lib/libc.a(lib_a-__call_atexit.o)
 .debug_aranges
                0x0000000000000748       0x30 /usr/local/3rdparty/altera/18.1/nios2eds/bin/gnu/H-x86_64-pc-linux-gnu/bin/../lib/gcc/nios2-elf/5.3.0/../../../../../H-x86_64-pc-linux-gnu/nios2-elf/lib/libc.a(lib_a-fflush.o)
 .debug_aranges
                0x0000000000000778       0x68 /usr/local/3rdparty/altera/18.1/nios2eds/bin/gnu/H-x86_64-pc-linux-gnu/bin/../lib/gcc/nios2-elf/5.3.0/../../../../../H-x86_64-pc-linux-gnu/nios2-elf/lib/libc.a(lib_a-findfp.o)
 .debug_aranges
                0x00000000000007e0       0x28 /usr/local/3rdparty/altera/18.1/nios2eds/bin/gnu/H-x86_64-pc-linux-gnu/bin/../lib/gcc/nios2-elf/5.3.0/../../../../../H-x86_64-pc-linux-gnu/nios2-elf/lib/libc.a(lib_a-freer.o)
 .debug_aranges
                0x0000000000000808       0x28 /usr/local/3rdparty/altera/18.1/nios2eds/bin/gnu/H-x86_64-pc-linux-gnu/bin/../lib/gcc/nios2-elf/5.3.0/../../../../../H-x86_64-pc-linux-gnu/nios2-elf/lib/libc.a(lib_a-fwalk.o)
 .debug_aranges
                0x0000000000000830       0x20 /usr/local/3rdparty/altera/18.1/nios2eds/bin/gnu/H-x86_64-pc-linux-gnu/bin/../lib/gcc/nios2-elf/5.3.0/../../../../../H-x86_64-pc-linux-gnu/nios2-elf/lib/libc.a(lib_a-makebuf.o)
 .debug_aranges
                0x0000000000000850       0x20 /usr/local/3rdparty/altera/18.1/nios2eds/bin/gnu/H-x86_64-pc-linux-gnu/bin/../lib/gcc/nios2-elf/5.3.0/../../../../../H-x86_64-pc-linux-gnu/nios2-elf/lib/libc.a(lib_a-memset.o)
 .debug_aranges
                0x0000000000000870       0x40 /usr/local/3rdparty/altera/18.1/nios2eds/bin/gnu/H-x86_64-pc-linux-gnu/bin/../lib/gcc/nios2-elf/5.3.0/../../../../../H-x86_64-pc-linux-gnu/nios2-elf/lib/libc.a(lib_a-stdio.o)
 .debug_aranges
                0x00000000000008b0       0x20 /usr/local/3rdparty/altera/18.1/nios2eds/bin/gnu/H-x86_64-pc-linux-gnu/bin/../lib/gcc/nios2-elf/5.3.0/../../../../../H-x86_64-pc-linux-gnu/nios2-elf/lib/libc.a(lib_a-writer.o)
 .debug_aranges
                0x00000000000008d0       0x20 /usr/local/3rdparty/altera/18.1/nios2eds/bin/gnu/H-x86_64-pc-linux-gnu/bin/../lib/gcc/nios2-elf/5.3.0/../../../../../H-x86_64-pc-linux-gnu/nios2-elf/lib/libc.a(closer.o)
 .debug_aranges
                0x00000000000008f0       0x28 /usr/local/3rdparty/altera/18.1/nios2eds/bin/gnu/H-x86_64-pc-linux-gnu/bin/../lib/gcc/nios2-elf/5.3.0/../../../../../H-x86_64-pc-linux-gnu/nios2-elf/lib/libc.a(lib_a-fclose.o)
 .debug_aranges
                0x0000000000000918       0x20 /usr/local/3rdparty/altera/18.1/nios2eds/bin/gnu/H-x86_64-pc-linux-gnu/bin/../lib/gcc/nios2-elf/5.3.0/../../../../../H-x86_64-pc-linux-gnu/nios2-elf/lib/libc.a(lib_a-fstatr.o)
 .debug_aranges
                0x0000000000000938       0x20 /usr/local/3rdparty/altera/18.1/nios2eds/bin/gnu/H-x86_64-pc-linux-gnu/bin/../lib/gcc/nios2-elf/5.3.0/../../../../../H-x86_64-pc-linux-gnu/nios2-elf/lib/libc.a(lib_a-isattyr.o)
 .debug_aranges
                0x0000000000000958       0x20 /usr/local/3rdparty/altera/18.1/nios2eds/bin/gnu/H-x86_64-pc-linux-gnu/bin/../lib/gcc/nios2-elf/5.3.0/../../../../../H-x86_64-pc-linux-gnu/nios2-elf/lib/libc.a(lib_a-lseekr.o)
 .debug_aranges
                0x0000000000000978       0x20 /usr/local/3rdparty/altera/18.1/nios2eds/bin/gnu/H-x86_64-pc-linux-gnu/bin/../lib/gcc/nios2-elf/5.3.0/../../../../../H-x86_64-pc-linux-gnu/nios2-elf/lib/libc.a(lib_a-readr.o)
 .debug_aranges
                0x0000000000000998       0x20 /usr/local/3rdparty/altera/18.1/nios2eds/bin/gnu/H-x86_64-pc-linux-gnu/bin/../lib/gcc/nios2-elf/5.3.0/libgcc.a(lib2-divmod.o)
 .debug_aranges
                0x00000000000009b8       0x20 ../prj2_bsp//libhal_bsp.a(alt_exit.o)
 .debug_aranges
                0x00000000000009d8       0x20 ../prj2_bsp//libhal_bsp.a(alt_fstat.o)
 .debug_aranges
                0x00000000000009f8       0x20 ../prj2_bsp//libhal_bsp.a(alt_isatty.o)
 .debug_aranges
                0x0000000000000a18       0x20 ../prj2_bsp//libhal_bsp.a(alt_lseek.o)
 .debug_aranges